Archive member included to satisfy reference by file (symbol)

../Medidor_desempenho_bsp/\libhal_bsp.a(alt_load.o)
                              ../Medidor_desempenho_bsp//obj/HAL/src/crt0.o (alt_load)
../Medidor_desempenho_bsp/\libhal_bsp.a(alt_main.o)
                              ../Medidor_desempenho_bsp//obj/HAL/src/crt0.o (alt_main)
../Medidor_desempenho_bsp/\libhal_bsp.a(alt_sys_init.o)
                              ../Medidor_desempenho_bsp/\libhal_bsp.a(alt_main.o) (alt_irq_init)
../Medidor_desempenho_bsp/\libhal_bsp.a(altera_avalon_jtag_uart_fd.o)
                              ../Medidor_desempenho_bsp/\libhal_bsp.a(alt_sys_init.o) (altera_avalon_jtag_uart_read_fd)
../Medidor_desempenho_bsp/\libhal_bsp.a(altera_avalon_jtag_uart_init.o)
                              ../Medidor_desempenho_bsp/\libhal_bsp.a(alt_sys_init.o) (altera_avalon_jtag_uart_init)
../Medidor_desempenho_bsp/\libhal_bsp.a(altera_avalon_jtag_uart_ioctl.o)
                              ../Medidor_desempenho_bsp/\libhal_bsp.a(altera_avalon_jtag_uart_fd.o) (altera_avalon_jtag_uart_ioctl)
../Medidor_desempenho_bsp/\libhal_bsp.a(altera_avalon_jtag_uart_read.o)
                              ../Medidor_desempenho_bsp/\libhal_bsp.a(altera_avalon_jtag_uart_fd.o) (altera_avalon_jtag_uart_read)
../Medidor_desempenho_bsp/\libhal_bsp.a(altera_avalon_jtag_uart_write.o)
                              ../Medidor_desempenho_bsp/\libhal_bsp.a(altera_avalon_jtag_uart_fd.o) (altera_avalon_jtag_uart_write)
../Medidor_desempenho_bsp/\libhal_bsp.a(alt_alarm_start.o)
                              ../Medidor_desempenho_bsp/\libhal_bsp.a(altera_avalon_jtag_uart_init.o) (alt_alarm_start)
../Medidor_desempenho_bsp/\libhal_bsp.a(alt_close.o)
                              ../Medidor_desempenho_bsp/\libhal_bsp.a(alt_main.o) (close)
../Medidor_desempenho_bsp/\libhal_bsp.a(alt_dcache_flush_all.o)
                              ../Medidor_desempenho_bsp/\libhal_bsp.a(alt_load.o) (alt_dcache_flush_all)
../Medidor_desempenho_bsp/\libhal_bsp.a(alt_dev.o)
                              ../Medidor_desempenho_bsp/\libhal_bsp.a(alt_sys_init.o) (alt_dev_list)
../Medidor_desempenho_bsp/\libhal_bsp.a(alt_dev_llist_insert.o)
                              ../Medidor_desempenho_bsp/\libhal_bsp.a(alt_sys_init.o) (alt_dev_llist_insert)
../Medidor_desempenho_bsp/\libhal_bsp.a(alt_do_ctors.o)
                              ../Medidor_desempenho_bsp/\libhal_bsp.a(alt_main.o) (_do_ctors)
../Medidor_desempenho_bsp/\libhal_bsp.a(alt_do_dtors.o)
                              ../Medidor_desempenho_bsp/\libhal_bsp.a(alt_main.o) (_do_dtors)
../Medidor_desempenho_bsp/\libhal_bsp.a(alt_errno.o)
                              ../Medidor_desempenho_bsp/\libhal_bsp.a(alt_close.o) (alt_errno)
../Medidor_desempenho_bsp/\libhal_bsp.a(alt_icache_flush_all.o)
                              ../Medidor_desempenho_bsp/\libhal_bsp.a(alt_load.o) (alt_icache_flush_all)
../Medidor_desempenho_bsp/\libhal_bsp.a(alt_iic.o)
                              ../Medidor_desempenho_bsp/\libhal_bsp.a(altera_avalon_jtag_uart_init.o) (alt_ic_isr_register)
../Medidor_desempenho_bsp/\libhal_bsp.a(alt_iic_isr_register.o)
                              ../Medidor_desempenho_bsp/\libhal_bsp.a(alt_iic.o) (alt_iic_isr_register)
../Medidor_desempenho_bsp/\libhal_bsp.a(alt_io_redirect.o)
                              ../Medidor_desempenho_bsp/\libhal_bsp.a(alt_main.o) (alt_io_redirect)
../Medidor_desempenho_bsp/\libhal_bsp.a(alt_irq_entry.o)
                              ../Medidor_desempenho_bsp/\libhal_bsp.a(alt_iic_isr_register.o) (alt_irq_entry)
../Medidor_desempenho_bsp/\libhal_bsp.a(alt_irq_handler.o)
                              ../Medidor_desempenho_bsp/\libhal_bsp.a(alt_iic_isr_register.o) (alt_irq)
../Medidor_desempenho_bsp/\libhal_bsp.a(alt_irq_vars.o)
                              ../Medidor_desempenho_bsp/\libhal_bsp.a(alt_iic.o) (alt_irq_active)
../Medidor_desempenho_bsp/\libhal_bsp.a(alt_open.o)
                              ../Medidor_desempenho_bsp/\libhal_bsp.a(alt_io_redirect.o) (open)
../Medidor_desempenho_bsp/\libhal_bsp.a(alt_release_fd.o)
                              ../Medidor_desempenho_bsp/\libhal_bsp.a(alt_close.o) (alt_release_fd)
../Medidor_desempenho_bsp/\libhal_bsp.a(alt_tick.o)
                              ../Medidor_desempenho_bsp/\libhal_bsp.a(altera_avalon_jtag_uart_init.o) (_alt_tick_rate)
../Medidor_desempenho_bsp/\libhal_bsp.a(altera_nios2_gen2_irq.o)
                              ../Medidor_desempenho_bsp/\libhal_bsp.a(alt_sys_init.o) (altera_nios2_gen2_irq_init)
../Medidor_desempenho_bsp/\libhal_bsp.a(alt_exception_entry.o)
                              ../Medidor_desempenho_bsp/\libhal_bsp.a(alt_irq_entry.o) (alt_exception)
../Medidor_desempenho_bsp/\libhal_bsp.a(alt_find_dev.o)
                              ../Medidor_desempenho_bsp/\libhal_bsp.a(alt_open.o) (alt_find_dev)
../Medidor_desempenho_bsp/\libhal_bsp.a(alt_find_file.o)
                              ../Medidor_desempenho_bsp/\libhal_bsp.a(alt_open.o) (alt_find_file)
../Medidor_desempenho_bsp/\libhal_bsp.a(alt_get_fd.o)
                              ../Medidor_desempenho_bsp/\libhal_bsp.a(alt_open.o) (alt_get_fd)
../Medidor_desempenho_bsp/\libhal_bsp.a(alt_instruction_exception_entry.o)
                              ../Medidor_desempenho_bsp/\libhal_bsp.a(alt_exception_entry.o) (alt_instruction_exception_entry)
c:/users/ferna/nios2eds/bin/gnu/h-x86_64-mingw32/bin/../lib/gcc/nios2-elf/5.3.0/../../../../../H-x86_64-mingw32/nios2-elf/lib/mno-hw-mul\libc.a(lib_a-atexit.o)
                              ../Medidor_desempenho_bsp/\libhal_bsp.a(alt_main.o) (atexit)
c:/users/ferna/nios2eds/bin/gnu/h-x86_64-mingw32/bin/../lib/gcc/nios2-elf/5.3.0/../../../../../H-x86_64-mingw32/nios2-elf/lib/mno-hw-mul\libc.a(lib_a-exit.o)
                              ../Medidor_desempenho_bsp/\libhal_bsp.a(alt_main.o) (exit)
c:/users/ferna/nios2eds/bin/gnu/h-x86_64-mingw32/bin/../lib/gcc/nios2-elf/5.3.0/../../../../../H-x86_64-mingw32/nios2-elf/lib/mno-hw-mul\libc.a(lib_a-impure.o)
                              c:/users/ferna/nios2eds/bin/gnu/h-x86_64-mingw32/bin/../lib/gcc/nios2-elf/5.3.0/../../../../../H-x86_64-mingw32/nios2-elf/lib/mno-hw-mul\libc.a(lib_a-exit.o) (_global_impure_ptr)
c:/users/ferna/nios2eds/bin/gnu/h-x86_64-mingw32/bin/../lib/gcc/nios2-elf/5.3.0/../../../../../H-x86_64-mingw32/nios2-elf/lib/mno-hw-mul\libc.a(lib_a-int_errno.o)
                              ../Medidor_desempenho_bsp/\libhal_bsp.a(alt_close.o) (errno)
c:/users/ferna/nios2eds/bin/gnu/h-x86_64-mingw32/bin/../lib/gcc/nios2-elf/5.3.0/../../../../../H-x86_64-mingw32/nios2-elf/lib/mno-hw-mul\libc.a(lib_a-memcmp.o)
                              ../Medidor_desempenho_bsp/\libhal_bsp.a(alt_find_dev.o) (memcmp)
c:/users/ferna/nios2eds/bin/gnu/h-x86_64-mingw32/bin/../lib/gcc/nios2-elf/5.3.0/../../../../../H-x86_64-mingw32/nios2-elf/lib/mno-hw-mul\libc.a(lib_a-memcpy.o)
                              ../Medidor_desempenho_bsp/\libhal_bsp.a(altera_avalon_jtag_uart_read.o) (memcpy)
c:/users/ferna/nios2eds/bin/gnu/h-x86_64-mingw32/bin/../lib/gcc/nios2-elf/5.3.0/../../../../../H-x86_64-mingw32/nios2-elf/lib/mno-hw-mul\libc.a(lib_a-strlen.o)
                              ../Medidor_desempenho_bsp/\libhal_bsp.a(alt_find_dev.o) (strlen)
c:/users/ferna/nios2eds/bin/gnu/h-x86_64-mingw32/bin/../lib/gcc/nios2-elf/5.3.0/../../../../../H-x86_64-mingw32/nios2-elf/lib/mno-hw-mul\libc.a(lib_a-__atexit.o)
                              c:/users/ferna/nios2eds/bin/gnu/h-x86_64-mingw32/bin/../lib/gcc/nios2-elf/5.3.0/../../../../../H-x86_64-mingw32/nios2-elf/lib/mno-hw-mul\libc.a(lib_a-atexit.o) (__register_exitproc)
c:/users/ferna/nios2eds/bin/gnu/h-x86_64-mingw32/bin/../lib/gcc/nios2-elf/5.3.0/../../../../../H-x86_64-mingw32/nios2-elf/lib/mno-hw-mul\libc.a(lib_a-__call_atexit.o)
                              c:/users/ferna/nios2eds/bin/gnu/h-x86_64-mingw32/bin/../lib/gcc/nios2-elf/5.3.0/../../../../../H-x86_64-mingw32/nios2-elf/lib/mno-hw-mul\libc.a(lib_a-exit.o) (__call_exitprocs)
c:/users/ferna/nios2eds/bin/gnu/h-x86_64-mingw32/bin/../lib/gcc/nios2-elf/5.3.0/mno-hw-mul\libgcc.a(lib2-mul.o)
                              ../Medidor_desempenho_bsp/\libhal_bsp.a(alt_close.o) (__mulsi3)
../Medidor_desempenho_bsp/\libhal_bsp.a(alt_exit.o)
                              c:/users/ferna/nios2eds/bin/gnu/h-x86_64-mingw32/bin/../lib/gcc/nios2-elf/5.3.0/../../../../../H-x86_64-mingw32/nios2-elf/lib/mno-hw-mul\libc.a(lib_a-exit.o) (_exit)

Allocating common symbols
Common symbol       size              file

alt_irq             0x100             ../Medidor_desempenho_bsp/\libhal_bsp.a(alt_irq_handler.o)
errno               0x4               c:/users/ferna/nios2eds/bin/gnu/h-x86_64-mingw32/bin/../lib/gcc/nios2-elf/5.3.0/../../../../../H-x86_64-mingw32/nios2-elf/lib/mno-hw-mul\libc.a(lib_a-int_errno.o)
i                   0x4               obj/default/main.o

Memory Configuration

Name             Origin             Length             Attributes
data_memory      0x0000000000000000 0x0000000000002000
reset            0x0000000000010000 0x0000000000000020
program_memory   0x0000000000010020 0x0000000000007fe0
*default*        0x0000000000000000 0xffffffffffffffff

Linker script and memory map

LOAD ../Medidor_desempenho_bsp//obj/HAL/src/crt0.o
LOAD obj/default/main.o
LOAD c:/users/ferna/nios2eds/bin/gnu/h-x86_64-mingw32/bin/../lib/gcc/nios2-elf/5.3.0/../../../../../H-x86_64-mingw32/nios2-elf/lib/mno-hw-mul\libstdc++.a
LOAD c:/users/ferna/nios2eds/bin/gnu/h-x86_64-mingw32/bin/../lib/gcc/nios2-elf/5.3.0/../../../../../H-x86_64-mingw32/nios2-elf/lib/mno-hw-mul\libm.a
LOAD c:/users/ferna/nios2eds/bin/gnu/h-x86_64-mingw32/bin/../lib/gcc/nios2-elf/5.3.0/mno-hw-mul\libgcc.a
START GROUP
LOAD c:/users/ferna/nios2eds/bin/gnu/h-x86_64-mingw32/bin/../lib/gcc/nios2-elf/5.3.0/../../../../../H-x86_64-mingw32/nios2-elf/lib/mno-hw-mul\libc.a
LOAD c:/users/ferna/nios2eds/bin/gnu/h-x86_64-mingw32/bin/../lib/gcc/nios2-elf/5.3.0/mno-hw-mul\libgcc.a
LOAD ../Medidor_desempenho_bsp/\libhal_bsp.a
LOAD c:/users/ferna/nios2eds/bin/gnu/h-x86_64-mingw32/bin/../lib/gcc/nios2-elf/5.3.0/../../../../../H-x86_64-mingw32/nios2-elf/lib/mno-hw-mul\libm.a
END GROUP
LOAD c:/users/ferna/nios2eds/bin/gnu/h-x86_64-mingw32/bin/../lib/gcc/nios2-elf/5.3.0/mno-hw-mul\libgcc.a
                0x0000000000000000                __alt_mem_data_memory = 0x0
                0x0000000000010000                __alt_mem_program_memory = 0x10000

.entry          0x0000000000010000       0x20
 *(.entry)
 .entry         0x0000000000010000       0x20 ../Medidor_desempenho_bsp//obj/HAL/src/crt0.o
                0x0000000000010000                __reset

.exceptions     0x0000000000010020      0x210
                0x0000000000010020                PROVIDE (__ram_exceptions_start, ABSOLUTE (.))
                0x0000000000010020                . = ALIGN (0x20)
 *(.irq)
 *(.exceptions.entry.label)
 .exceptions.entry.label
                0x0000000000010020        0x0 ../Medidor_desempenho_bsp/\libhal_bsp.a(alt_irq_entry.o)
                0x0000000000010020                alt_irq_entry
 .exceptions.entry.label
                0x0000000000010020        0x0 ../Medidor_desempenho_bsp/\libhal_bsp.a(alt_exception_entry.o)
                0x0000000000010020                alt_exception
 *(.exceptions.entry.user)
 *(.exceptions.entry.ecc_fatal)
 *(.exceptions.entry)
 .exceptions.entry
                0x0000000000010020       0x54 ../Medidor_desempenho_bsp/\libhal_bsp.a(alt_exception_entry.o)
 *(.exceptions.irqtest.user)
 *(.exceptions.irqtest)
 .exceptions.irqtest
                0x0000000000010074       0x10 ../Medidor_desempenho_bsp/\libhal_bsp.a(alt_irq_entry.o)
 *(.exceptions.irqhandler.user)
 *(.exceptions.irqhandler)
 .exceptions.irqhandler
                0x0000000000010084        0x4 ../Medidor_desempenho_bsp/\libhal_bsp.a(alt_irq_entry.o)
 *(.exceptions.irqreturn.user)
 *(.exceptions.irqreturn)
 .exceptions.irqreturn
                0x0000000000010088        0x4 ../Medidor_desempenho_bsp/\libhal_bsp.a(alt_irq_entry.o)
 *(.exceptions.notirq.label)
 .exceptions.notirq.label
                0x000000000001008c        0x0 ../Medidor_desempenho_bsp/\libhal_bsp.a(alt_irq_entry.o)
 *(.exceptions.notirq.user)
 *(.exceptions.notirq)
 .exceptions.notirq
                0x000000000001008c        0x8 ../Medidor_desempenho_bsp/\libhal_bsp.a(alt_exception_entry.o)
 *(.exceptions.soft.user)
 *(.exceptions.soft)
 *(.exceptions.unknown.user)
 *(.exceptions.unknown)
 .exceptions.unknown
                0x0000000000010094       0x14 ../Medidor_desempenho_bsp/\libhal_bsp.a(alt_exception_entry.o)
 *(.exceptions.exit.label)
 .exceptions.exit.label
                0x00000000000100a8        0x0 ../Medidor_desempenho_bsp/\libhal_bsp.a(alt_irq_entry.o)
 .exceptions.exit.label
                0x00000000000100a8        0x0 ../Medidor_desempenho_bsp/\libhal_bsp.a(alt_exception_entry.o)
 *(.exceptions.exit.user)
 *(.exceptions.exit)
 .exceptions.exit
                0x00000000000100a8       0x54 ../Medidor_desempenho_bsp/\libhal_bsp.a(alt_exception_entry.o)
 *(.exceptions)
 .exceptions    0x00000000000100fc       0xd4 ../Medidor_desempenho_bsp/\libhal_bsp.a(alt_irq_handler.o)
                0x00000000000100fc                alt_irq_handler
 .exceptions    0x00000000000101d0       0x60 ../Medidor_desempenho_bsp/\libhal_bsp.a(alt_instruction_exception_entry.o)
                0x00000000000101d0                alt_instruction_exception_entry
                0x0000000000010230                PROVIDE (__ram_exceptions_end, ABSOLUTE (.))
                0x0000000000010020                PROVIDE (__flash_exceptions_start, LOADADDR (.exceptions))

.text           0x0000000000010230     0x2378
                [!provide]                        PROVIDE (stext, ABSOLUTE (.))
 *(.interp)
 *(.hash)
 *(.dynsym)
 *(.dynstr)
 *(.gnu.version)
 *(.gnu.version_d)
 *(.gnu.version_r)
 *(.rel.init)
 *(.rela.init)
 *(.rel.text .rel.text.* .rel.gnu.linkonce.t.*)
 *(.rela.text .rela.text.* .rela.gnu.linkonce.t.*)
 *(.rel.fini)
 *(.rela.fini)
 *(.rel.rodata .rel.rodata.* .rel.gnu.linkonce.r.*)
 *(.rela.rodata .rela.rodata.* .rela.gnu.linkonce.r.*)
 *(.rel.data .rel.data.* .rel.gnu.linkonce.d.*)
 *(.rela.data .rela.data.* .rela.gnu.linkonce.d.*)
 *(.rel.tdata .rel.tdata.* .rel.gnu.linkonce.td.*)
 *(.rela.tdata .rela.tdata.* .rela.gnu.linkonce.td.*)
 *(.rel.tbss .rel.tbss.* .rel.gnu.linkonce.tb.*)
 *(.rela.tbss .rela.tbss.* .rela.gnu.linkonce.tb.*)
 *(.rel.ctors)
 *(.rela.ctors)
 *(.rel.dtors)
 *(.rela.dtors)
 *(.rel.got)
 *(.rela.got)
 *(.rel.sdata .rel.sdata.* .rel.gnu.linkonce.s.*)
 *(.rela.sdata .rela.sdata.* .rela.gnu.linkonce.s.*)
 *(.rel.sbss .rel.sbss.* .rel.gnu.linkonce.sb.*)
 *(.rela.sbss .rela.sbss.* .rela.gnu.linkonce.sb.*)
 *(.rel.sdata2 .rel.sdata2.* .rel.gnu.linkonce.s2.*)
 *(.rela.sdata2 .rela.sdata2.* .rela.gnu.linkonce.s2.*)
 *(.rel.sbss2 .rel.sbss2.* .rel.gnu.linkonce.sb2.*)
 *(.rela.sbss2 .rela.sbss2.* .rela.gnu.linkonce.sb2.*)
 *(.rel.bss .rel.bss.* .rel.gnu.linkonce.b.*)
 *(.rela.bss .rela.bss.* .rela.gnu.linkonce.b.*)
 *(.rel.plt)
 *(.rela.plt)
 *(.rel.dyn)
 *(.init)
 *(.plt)
 *(.text .stub .text.* .gnu.linkonce.t.*)
 .text          0x0000000000010230       0x3c ../Medidor_desempenho_bsp//obj/HAL/src/crt0.o
                0x0000000000010230                _start
 .text          0x000000000001026c      0x108 obj/default/main.o
                0x000000000001026c                main
 .text          0x0000000000010374       0xec ../Medidor_desempenho_bsp/\libhal_bsp.a(alt_load.o)
                0x00000000000103dc                alt_load
 .text          0x0000000000010460       0x7c ../Medidor_desempenho_bsp/\libhal_bsp.a(alt_main.o)
                0x0000000000010460                alt_main
 .text          0x00000000000104dc       0xb4 ../Medidor_desempenho_bsp/\libhal_bsp.a(alt_sys_init.o)
                0x0000000000010510                alt_irq_init
                0x0000000000010548                alt_sys_init
 .text          0x0000000000010590      0x164 ../Medidor_desempenho_bsp/\libhal_bsp.a(altera_avalon_jtag_uart_fd.o)
                0x0000000000010590                altera_avalon_jtag_uart_read_fd
                0x00000000000105f0                altera_avalon_jtag_uart_write_fd
                0x0000000000010650                altera_avalon_jtag_uart_close_fd
                0x00000000000106a0                altera_avalon_jtag_uart_ioctl_fd
 .text          0x00000000000106f4      0x3d4 ../Medidor_desempenho_bsp/\libhal_bsp.a(altera_avalon_jtag_uart_init.o)
                0x00000000000106f4                altera_avalon_jtag_uart_init
                0x0000000000010a60                altera_avalon_jtag_uart_close
 .text          0x0000000000010ac8       0xf0 ../Medidor_desempenho_bsp/\libhal_bsp.a(altera_avalon_jtag_uart_ioctl.o)
                0x0000000000010ac8                altera_avalon_jtag_uart_ioctl
 .text          0x0000000000010bb8      0x21c ../Medidor_desempenho_bsp/\libhal_bsp.a(altera_avalon_jtag_uart_read.o)
                0x0000000000010bb8                altera_avalon_jtag_uart_read
 .text          0x0000000000010dd4      0x224 ../Medidor_desempenho_bsp/\libhal_bsp.a(altera_avalon_jtag_uart_write.o)
                0x0000000000010dd4                altera_avalon_jtag_uart_write
 .text          0x0000000000010ff8      0x12c ../Medidor_desempenho_bsp/\libhal_bsp.a(alt_alarm_start.o)
                0x0000000000010ff8                alt_alarm_start
 .text          0x0000000000011124      0x114 ../Medidor_desempenho_bsp/\libhal_bsp.a(alt_close.o)
                0x0000000000011160                close
 .text          0x0000000000011238       0x20 ../Medidor_desempenho_bsp/\libhal_bsp.a(alt_dcache_flush_all.o)
                0x0000000000011238                alt_dcache_flush_all
 .text          0x0000000000011258       0x2c ../Medidor_desempenho_bsp/\libhal_bsp.a(alt_dev.o)
 .text          0x0000000000011284       0xe0 ../Medidor_desempenho_bsp/\libhal_bsp.a(alt_dev_llist_insert.o)
                0x00000000000112c0                alt_dev_llist_insert
 .text          0x0000000000011364       0x60 ../Medidor_desempenho_bsp/\libhal_bsp.a(alt_do_ctors.o)
                0x0000000000011364                _do_ctors
 .text          0x00000000000113c4       0x60 ../Medidor_desempenho_bsp/\libhal_bsp.a(alt_do_dtors.o)
                0x00000000000113c4                _do_dtors
 .text          0x0000000000011424        0x0 ../Medidor_desempenho_bsp/\libhal_bsp.a(alt_errno.o)
 .text          0x0000000000011424       0x20 ../Medidor_desempenho_bsp/\libhal_bsp.a(alt_icache_flush_all.o)
                0x0000000000011424                alt_icache_flush_all
 .text          0x0000000000011444      0x1b0 ../Medidor_desempenho_bsp/\libhal_bsp.a(alt_iic.o)
                0x0000000000011444                alt_ic_isr_register
                0x0000000000011494                alt_ic_irq_enable
                0x000000000001151c                alt_ic_irq_disable
                0x00000000000115a8                alt_ic_irq_enabled
 .text          0x00000000000115f4       0xf0 ../Medidor_desempenho_bsp/\libhal_bsp.a(alt_iic_isr_register.o)
                0x00000000000115f4                alt_iic_isr_register
 .text          0x00000000000116e4      0x160 ../Medidor_desempenho_bsp/\libhal_bsp.a(alt_io_redirect.o)
                0x00000000000117c8                alt_io_redirect
 .text          0x0000000000011844        0x0 ../Medidor_desempenho_bsp/\libhal_bsp.a(alt_irq_entry.o)
 .text          0x0000000000011844        0x0 ../Medidor_desempenho_bsp/\libhal_bsp.a(alt_irq_handler.o)
 .text          0x0000000000011844        0x0 ../Medidor_desempenho_bsp/\libhal_bsp.a(alt_irq_vars.o)
 .text          0x0000000000011844      0x284 ../Medidor_desempenho_bsp/\libhal_bsp.a(alt_open.o)
                0x000000000001196c                open
 .text          0x0000000000011ac8       0x84 ../Medidor_desempenho_bsp/\libhal_bsp.a(alt_release_fd.o)
                0x0000000000011ac8                alt_release_fd
 .text          0x0000000000011b4c      0x1a4 ../Medidor_desempenho_bsp/\libhal_bsp.a(alt_tick.o)
                0x0000000000011b4c                alt_alarm_stop
                0x0000000000011be8                alt_tick
 .text          0x0000000000011cf0       0x24 ../Medidor_desempenho_bsp/\libhal_bsp.a(altera_nios2_gen2_irq.o)
                0x0000000000011cf0                altera_nios2_gen2_irq_init
 .text          0x0000000000011d14        0x0 ../Medidor_desempenho_bsp/\libhal_bsp.a(alt_exception_entry.o)
 .text          0x0000000000011d14       0x90 ../Medidor_desempenho_bsp/\libhal_bsp.a(alt_find_dev.o)
                0x0000000000011d14                alt_find_dev
 .text          0x0000000000011da4      0x108 ../Medidor_desempenho_bsp/\libhal_bsp.a(alt_find_file.o)
                0x0000000000011da4                alt_find_file
 .text          0x0000000000011eac       0xc4 ../Medidor_desempenho_bsp/\libhal_bsp.a(alt_get_fd.o)
                0x0000000000011eac                alt_get_fd
 .text          0x0000000000011f70       0x9c ../Medidor_desempenho_bsp/\libhal_bsp.a(alt_instruction_exception_entry.o)
                0x0000000000011f70                alt_exception_cause_generated_bad_addr
 .text          0x000000000001200c        0x0 c:/users/ferna/nios2eds/bin/gnu/h-x86_64-mingw32/bin/../lib/gcc/nios2-elf/5.3.0/../../../../../H-x86_64-mingw32/nios2-elf/lib/mno-hw-mul\libc.a(lib_a-atexit.o)
 .text.atexit   0x000000000001200c       0x14 c:/users/ferna/nios2eds/bin/gnu/h-x86_64-mingw32/bin/../lib/gcc/nios2-elf/5.3.0/../../../../../H-x86_64-mingw32/nios2-elf/lib/mno-hw-mul\libc.a(lib_a-atexit.o)
                0x000000000001200c                atexit
 .text          0x0000000000012020        0x0 c:/users/ferna/nios2eds/bin/gnu/h-x86_64-mingw32/bin/../lib/gcc/nios2-elf/5.3.0/../../../../../H-x86_64-mingw32/nios2-elf/lib/mno-hw-mul\libc.a(lib_a-exit.o)
 .text.exit     0x0000000000012020       0x38 c:/users/ferna/nios2eds/bin/gnu/h-x86_64-mingw32/bin/../lib/gcc/nios2-elf/5.3.0/../../../../../H-x86_64-mingw32/nios2-elf/lib/mno-hw-mul\libc.a(lib_a-exit.o)
                0x0000000000012020                exit
 .text          0x0000000000012058        0x0 c:/users/ferna/nios2eds/bin/gnu/h-x86_64-mingw32/bin/../lib/gcc/nios2-elf/5.3.0/../../../../../H-x86_64-mingw32/nios2-elf/lib/mno-hw-mul\libc.a(lib_a-impure.o)
 .text          0x0000000000012058        0x0 c:/users/ferna/nios2eds/bin/gnu/h-x86_64-mingw32/bin/../lib/gcc/nios2-elf/5.3.0/../../../../../H-x86_64-mingw32/nios2-elf/lib/mno-hw-mul\libc.a(lib_a-int_errno.o)
 .text          0x0000000000012058        0x0 c:/users/ferna/nios2eds/bin/gnu/h-x86_64-mingw32/bin/../lib/gcc/nios2-elf/5.3.0/../../../../../H-x86_64-mingw32/nios2-elf/lib/mno-hw-mul\libc.a(lib_a-memcmp.o)
 .text.memcmp   0x0000000000012058       0x7c c:/users/ferna/nios2eds/bin/gnu/h-x86_64-mingw32/bin/../lib/gcc/nios2-elf/5.3.0/../../../../../H-x86_64-mingw32/nios2-elf/lib/mno-hw-mul\libc.a(lib_a-memcmp.o)
                0x0000000000012058                memcmp
 .text          0x00000000000120d4        0x0 c:/users/ferna/nios2eds/bin/gnu/h-x86_64-mingw32/bin/../lib/gcc/nios2-elf/5.3.0/../../../../../H-x86_64-mingw32/nios2-elf/lib/mno-hw-mul\libc.a(lib_a-memcpy.o)
 .text.memcpy   0x00000000000120d4      0x148 c:/users/ferna/nios2eds/bin/gnu/h-x86_64-mingw32/bin/../lib/gcc/nios2-elf/5.3.0/../../../../../H-x86_64-mingw32/nios2-elf/lib/mno-hw-mul\libc.a(lib_a-memcpy.o)
                0x00000000000120d4                memcpy
 .text          0x000000000001221c        0x0 c:/users/ferna/nios2eds/bin/gnu/h-x86_64-mingw32/bin/../lib/gcc/nios2-elf/5.3.0/../../../../../H-x86_64-mingw32/nios2-elf/lib/mno-hw-mul\libc.a(lib_a-strlen.o)
 .text.strlen   0x000000000001221c       0x98 c:/users/ferna/nios2eds/bin/gnu/h-x86_64-mingw32/bin/../lib/gcc/nios2-elf/5.3.0/../../../../../H-x86_64-mingw32/nios2-elf/lib/mno-hw-mul\libc.a(lib_a-strlen.o)
                0x000000000001221c                strlen
 .text          0x00000000000122b4        0x0 c:/users/ferna/nios2eds/bin/gnu/h-x86_64-mingw32/bin/../lib/gcc/nios2-elf/5.3.0/../../../../../H-x86_64-mingw32/nios2-elf/lib/mno-hw-mul\libc.a(lib_a-__atexit.o)
 .text.__register_exitproc
                0x00000000000122b4      0x118 c:/users/ferna/nios2eds/bin/gnu/h-x86_64-mingw32/bin/../lib/gcc/nios2-elf/5.3.0/../../../../../H-x86_64-mingw32/nios2-elf/lib/mno-hw-mul\libc.a(lib_a-__atexit.o)
                0x00000000000122b4                __register_exitproc
 .text          0x00000000000123cc        0x0 c:/users/ferna/nios2eds/bin/gnu/h-x86_64-mingw32/bin/../lib/gcc/nios2-elf/5.3.0/../../../../../H-x86_64-mingw32/nios2-elf/lib/mno-hw-mul\libc.a(lib_a-__call_atexit.o)
 .text.__call_exitprocs
                0x00000000000123cc      0x180 c:/users/ferna/nios2eds/bin/gnu/h-x86_64-mingw32/bin/../lib/gcc/nios2-elf/5.3.0/../../../../../H-x86_64-mingw32/nios2-elf/lib/mno-hw-mul\libc.a(lib_a-__call_atexit.o)
                0x00000000000123cc                __call_exitprocs
 .text          0x000000000001254c       0x28 c:/users/ferna/nios2eds/bin/gnu/h-x86_64-mingw32/bin/../lib/gcc/nios2-elf/5.3.0/mno-hw-mul\libgcc.a(lib2-mul.o)
                0x000000000001254c                __mulsi3
 .text          0x0000000000012574       0x34 ../Medidor_desempenho_bsp/\libhal_bsp.a(alt_exit.o)
                0x0000000000012574                _exit
 *(.gnu.warning.*)
 *(.fini)
                [!provide]                        PROVIDE (__etext, ABSOLUTE (.))
                [!provide]                        PROVIDE (_etext, ABSOLUTE (.))
                [!provide]                        PROVIDE (etext, ABSOLUTE (.))
 *(.eh_frame_hdr)
                0x00000000000125a8                . = ALIGN (0x4)
                [!provide]                        PROVIDE (__preinit_array_start, ABSOLUTE (.))
 *(.preinit_array)
                [!provide]                        PROVIDE (__preinit_array_end, ABSOLUTE (.))
                [!provide]                        PROVIDE (__init_array_start, ABSOLUTE (.))
 *(.init_array)
                [!provide]                        PROVIDE (__init_array_end, ABSOLUTE (.))
                [!provide]                        PROVIDE (__fini_array_start, ABSOLUTE (.))
 *(.fini_array)
                [!provide]                        PROVIDE (__fini_array_end, ABSOLUTE (.))
 *(.eh_frame)
 *(.gcc_except_table .gcc_except_table.*)
 *(.dynamic)
                0x00000000000125a8                PROVIDE (__CTOR_LIST__, ABSOLUTE (.))
 *(.ctors)
 *(SORT(.ctors.*))
                0x00000000000125a8                PROVIDE (__CTOR_END__, ABSOLUTE (.))
                0x00000000000125a8                PROVIDE (__DTOR_LIST__, ABSOLUTE (.))
 *(.dtors)
 *(SORT(.dtors.*))
                0x00000000000125a8                PROVIDE (__DTOR_END__, ABSOLUTE (.))
 *(.jcr)
                0x00000000000125a8                . = ALIGN (0x4)

.rodata         0x00000000000125a8       0x38
                0x00000000000125a8                PROVIDE (__ram_rodata_start, ABSOLUTE (.))
                0x00000000000125a8                . = ALIGN (0x4)
 *(.rodata .rodata.* .gnu.linkonce.r.*)
 .rodata        0x00000000000125a8       0x11 ../Medidor_desempenho_bsp/\libhal_bsp.a(alt_main.o)
 *fill*         0x00000000000125b9        0x3 
 .rodata        0x00000000000125bc       0x11 ../Medidor_desempenho_bsp/\libhal_bsp.a(alt_sys_init.o)
 *fill*         0x00000000000125cd        0x3 
 .rodata        0x00000000000125d0        0xa ../Medidor_desempenho_bsp/\libhal_bsp.a(alt_dev.o)
 *fill*         0x00000000000125da        0x2 
 .rodata.str1.4
                0x00000000000125dc        0x4 c:/users/ferna/nios2eds/bin/gnu/h-x86_64-mingw32/bin/../lib/gcc/nios2-elf/5.3.0/../../../../../H-x86_64-mingw32/nios2-elf/lib/mno-hw-mul\libc.a(lib_a-impure.o)
                                          0x2 (size before relaxing)
 *(.rodata1)
                0x00000000000125e0                . = ALIGN (0x4)
                0x00000000000125e0                PROVIDE (__ram_rodata_end, ABSOLUTE (.))
                0x00000000000125a8                PROVIDE (__flash_rodata_start, LOADADDR (.rodata))

.rwdata         0x00000000000125e0     0x1658 load address 0x0000000000013c38
                0x00000000000125e0                PROVIDE (__ram_rwdata_start, ABSOLUTE (.))
                0x00000000000125e0                . = ALIGN (0x4)
 *(.got.plt)
 *(.got)
 *(.data1)
 *(.data .data.* .gnu.linkonce.d.*)
 .data          0x00000000000125e0        0x0 ../Medidor_desempenho_bsp//obj/HAL/src/crt0.o
 .data          0x00000000000125e0        0x0 obj/default/main.o
 .data          0x00000000000125e0        0x0 ../Medidor_desempenho_bsp/\libhal_bsp.a(alt_load.o)
 .data          0x00000000000125e0        0x0 ../Medidor_desempenho_bsp/\libhal_bsp.a(alt_main.o)
 .data          0x00000000000125e0     0x1060 ../Medidor_desempenho_bsp/\libhal_bsp.a(alt_sys_init.o)
 .data          0x0000000000013640        0x0 ../Medidor_desempenho_bsp/\libhal_bsp.a(altera_avalon_jtag_uart_fd.o)
 .data          0x0000000000013640        0x0 ../Medidor_desempenho_bsp/\libhal_bsp.a(altera_avalon_jtag_uart_init.o)
 .data          0x0000000000013640        0x0 ../Medidor_desempenho_bsp/\libhal_bsp.a(altera_avalon_jtag_uart_ioctl.o)
 .data          0x0000000000013640        0x0 ../Medidor_desempenho_bsp/\libhal_bsp.a(altera_avalon_jtag_uart_read.o)
 .data          0x0000000000013640        0x0 ../Medidor_desempenho_bsp/\libhal_bsp.a(altera_avalon_jtag_uart_write.o)
 .data          0x0000000000013640        0x0 ../Medidor_desempenho_bsp/\libhal_bsp.a(alt_alarm_start.o)
 .data          0x0000000000013640        0x0 ../Medidor_desempenho_bsp/\libhal_bsp.a(alt_close.o)
 .data          0x0000000000013640        0x0 ../Medidor_desempenho_bsp/\libhal_bsp.a(alt_dcache_flush_all.o)
 .data          0x0000000000013640      0x1a8 ../Medidor_desempenho_bsp/\libhal_bsp.a(alt_dev.o)
                0x0000000000013640                alt_dev_null
                0x0000000000013668                alt_fd_list
 .data          0x00000000000137e8        0x0 ../Medidor_desempenho_bsp/\libhal_bsp.a(alt_dev_llist_insert.o)
 .data          0x00000000000137e8        0x0 ../Medidor_desempenho_bsp/\libhal_bsp.a(alt_do_ctors.o)
 .data          0x00000000000137e8        0x0 ../Medidor_desempenho_bsp/\libhal_bsp.a(alt_do_dtors.o)
 .data          0x00000000000137e8        0x0 ../Medidor_desempenho_bsp/\libhal_bsp.a(alt_errno.o)
 .data          0x00000000000137e8        0x0 ../Medidor_desempenho_bsp/\libhal_bsp.a(alt_icache_flush_all.o)
 .data          0x00000000000137e8        0x0 ../Medidor_desempenho_bsp/\libhal_bsp.a(alt_iic.o)
 .data          0x00000000000137e8        0x0 ../Medidor_desempenho_bsp/\libhal_bsp.a(alt_iic_isr_register.o)
 .data          0x00000000000137e8        0x0 ../Medidor_desempenho_bsp/\libhal_bsp.a(alt_io_redirect.o)
 .data          0x00000000000137e8        0x0 ../Medidor_desempenho_bsp/\libhal_bsp.a(alt_irq_entry.o)
 .data          0x00000000000137e8        0x0 ../Medidor_desempenho_bsp/\libhal_bsp.a(alt_irq_handler.o)
 .data          0x00000000000137e8        0x0 ../Medidor_desempenho_bsp/\libhal_bsp.a(alt_irq_vars.o)
 .data          0x00000000000137e8        0x0 ../Medidor_desempenho_bsp/\libhal_bsp.a(alt_open.o)
 .data          0x00000000000137e8        0x0 ../Medidor_desempenho_bsp/\libhal_bsp.a(alt_release_fd.o)
 .data          0x00000000000137e8        0x0 ../Medidor_desempenho_bsp/\libhal_bsp.a(alt_tick.o)
 .data          0x00000000000137e8        0x0 ../Medidor_desempenho_bsp/\libhal_bsp.a(altera_nios2_gen2_irq.o)
 .data          0x00000000000137e8        0x0 ../Medidor_desempenho_bsp/\libhal_bsp.a(alt_exception_entry.o)
 .data          0x00000000000137e8        0x0 ../Medidor_desempenho_bsp/\libhal_bsp.a(alt_find_dev.o)
 .data          0x00000000000137e8        0x0 ../Medidor_desempenho_bsp/\libhal_bsp.a(alt_find_file.o)
 .data          0x00000000000137e8        0x0 ../Medidor_desempenho_bsp/\libhal_bsp.a(alt_get_fd.o)
 .data          0x00000000000137e8        0x0 ../Medidor_desempenho_bsp/\libhal_bsp.a(alt_instruction_exception_entry.o)
 .data          0x00000000000137e8        0x0 c:/users/ferna/nios2eds/bin/gnu/h-x86_64-mingw32/bin/../lib/gcc/nios2-elf/5.3.0/../../../../../H-x86_64-mingw32/nios2-elf/lib/mno-hw-mul\libc.a(lib_a-atexit.o)
 .data          0x00000000000137e8        0x0 c:/users/ferna/nios2eds/bin/gnu/h-x86_64-mingw32/bin/../lib/gcc/nios2-elf/5.3.0/../../../../../H-x86_64-mingw32/nios2-elf/lib/mno-hw-mul\libc.a(lib_a-exit.o)
 .data          0x00000000000137e8        0x0 c:/users/ferna/nios2eds/bin/gnu/h-x86_64-mingw32/bin/../lib/gcc/nios2-elf/5.3.0/../../../../../H-x86_64-mingw32/nios2-elf/lib/mno-hw-mul\libc.a(lib_a-impure.o)
 .data.impure_data
                0x00000000000137e8      0x424 c:/users/ferna/nios2eds/bin/gnu/h-x86_64-mingw32/bin/../lib/gcc/nios2-elf/5.3.0/../../../../../H-x86_64-mingw32/nios2-elf/lib/mno-hw-mul\libc.a(lib_a-impure.o)
 .data          0x0000000000013c0c        0x0 c:/users/ferna/nios2eds/bin/gnu/h-x86_64-mingw32/bin/../lib/gcc/nios2-elf/5.3.0/../../../../../H-x86_64-mingw32/nios2-elf/lib/mno-hw-mul\libc.a(lib_a-int_errno.o)
 .data          0x0000000000013c0c        0x0 c:/users/ferna/nios2eds/bin/gnu/h-x86_64-mingw32/bin/../lib/gcc/nios2-elf/5.3.0/../../../../../H-x86_64-mingw32/nios2-elf/lib/mno-hw-mul\libc.a(lib_a-memcmp.o)
 .data          0x0000000000013c0c        0x0 c:/users/ferna/nios2eds/bin/gnu/h-x86_64-mingw32/bin/../lib/gcc/nios2-elf/5.3.0/../../../../../H-x86_64-mingw32/nios2-elf/lib/mno-hw-mul\libc.a(lib_a-memcpy.o)
 .data          0x0000000000013c0c        0x0 c:/users/ferna/nios2eds/bin/gnu/h-x86_64-mingw32/bin/../lib/gcc/nios2-elf/5.3.0/../../../../../H-x86_64-mingw32/nios2-elf/lib/mno-hw-mul\libc.a(lib_a-strlen.o)
 .data          0x0000000000013c0c        0x0 c:/users/ferna/nios2eds/bin/gnu/h-x86_64-mingw32/bin/../lib/gcc/nios2-elf/5.3.0/../../../../../H-x86_64-mingw32/nios2-elf/lib/mno-hw-mul\libc.a(lib_a-__atexit.o)
 .data          0x0000000000013c0c        0x0 c:/users/ferna/nios2eds/bin/gnu/h-x86_64-mingw32/bin/../lib/gcc/nios2-elf/5.3.0/../../../../../H-x86_64-mingw32/nios2-elf/lib/mno-hw-mul\libc.a(lib_a-__call_atexit.o)
 .data          0x0000000000013c0c        0x0 c:/users/ferna/nios2eds/bin/gnu/h-x86_64-mingw32/bin/../lib/gcc/nios2-elf/5.3.0/mno-hw-mul\libgcc.a(lib2-mul.o)
 .data          0x0000000000013c0c        0x0 ../Medidor_desempenho_bsp/\libhal_bsp.a(alt_exit.o)
                0x000000000001bc0c                _gp = ABSOLUTE ((. + 0x8000))
                [!provide]                        PROVIDE (gp, _gp)
 *(.rwdata .rwdata.*)
 *(.sdata .sdata.* .gnu.linkonce.s.*)
 .sdata         0x0000000000013c0c       0x14 ../Medidor_desempenho_bsp/\libhal_bsp.a(alt_dev.o)
                0x0000000000013c0c                alt_fs_list
                0x0000000000013c14                alt_dev_list
                0x0000000000013c1c                alt_max_fd
 .sdata         0x0000000000013c20        0x4 ../Medidor_desempenho_bsp/\libhal_bsp.a(alt_errno.o)
                0x0000000000013c20                alt_errno
 .sdata         0x0000000000013c24        0x4 ../Medidor_desempenho_bsp/\libhal_bsp.a(alt_irq_vars.o)
                0x0000000000013c24                alt_priority_mask
 .sdata         0x0000000000013c28        0x8 ../Medidor_desempenho_bsp/\libhal_bsp.a(alt_tick.o)
                0x0000000000013c28                alt_alarm_list
 .sdata._global_impure_ptr
                0x0000000000013c30        0x4 c:/users/ferna/nios2eds/bin/gnu/h-x86_64-mingw32/bin/../lib/gcc/nios2-elf/5.3.0/../../../../../H-x86_64-mingw32/nios2-elf/lib/mno-hw-mul\libc.a(lib_a-impure.o)
                0x0000000000013c30                _global_impure_ptr
 .sdata._impure_ptr
                0x0000000000013c34        0x4 c:/users/ferna/nios2eds/bin/gnu/h-x86_64-mingw32/bin/../lib/gcc/nios2-elf/5.3.0/../../../../../H-x86_64-mingw32/nios2-elf/lib/mno-hw-mul\libc.a(lib_a-impure.o)
                0x0000000000013c34                _impure_ptr
 *(.sdata2 .sdata2.* .gnu.linkonce.s2.*)
                0x0000000000013c38                . = ALIGN (0x4)
                0x0000000000013c38                _edata = ABSOLUTE (.)
                [!provide]                        PROVIDE (edata, ABSOLUTE (.))
                0x0000000000013c38                PROVIDE (__ram_rwdata_end, ABSOLUTE (.))
                0x0000000000013c38                PROVIDE (__flash_rwdata_start, LOADADDR (.rwdata))

.bss            0x0000000000015290      0x128
                0x0000000000015290                __bss_start = ABSOLUTE (.)
                [!provide]                        PROVIDE (__sbss_start, ABSOLUTE (.))
                [!provide]                        PROVIDE (___sbss_start, ABSOLUTE (.))
 *(.dynsbss)
 *(.sbss .sbss.* .gnu.linkonce.sb.*)
 .sbss          0x0000000000015290        0x4 obj/default/main.o
                0x0000000000015290                pointer
 .sbss          0x0000000000015294        0x4 obj/default/main.o
                0x0000000000015294                i
 .sbss          0x0000000000015298        0xc ../Medidor_desempenho_bsp/\libhal_bsp.a(alt_main.o)
                0x0000000000015298                alt_argc
                0x000000000001529c                alt_argv
                0x00000000000152a0                alt_envp
 .sbss          0x00000000000152a4        0x4 ../Medidor_desempenho_bsp/\libhal_bsp.a(alt_irq_vars.o)
                0x00000000000152a4                alt_irq_active
 .sbss          0x00000000000152a8        0x8 ../Medidor_desempenho_bsp/\libhal_bsp.a(alt_tick.o)
                0x00000000000152a8                _alt_tick_rate
                0x00000000000152ac                _alt_nticks
 .sbss          0x00000000000152b0        0x4 ../Medidor_desempenho_bsp/\libhal_bsp.a(alt_instruction_exception_entry.o)
                0x00000000000152b0                alt_instruction_exception_handler
 .sbss          0x00000000000152b4        0x4 c:/users/ferna/nios2eds/bin/gnu/h-x86_64-mingw32/bin/../lib/gcc/nios2-elf/5.3.0/../../../../../H-x86_64-mingw32/nios2-elf/lib/mno-hw-mul\libc.a(lib_a-int_errno.o)
                0x00000000000152b4                errno
 *(.sbss2 .sbss2.* .gnu.linkonce.sb2.*)
 *(.scommon)
                [!provide]                        PROVIDE (__sbss_end, ABSOLUTE (.))
                [!provide]                        PROVIDE (___sbss_end, ABSOLUTE (.))
 *(.dynbss)
 *(.bss .bss.* .gnu.linkonce.b.*)
 .bss           0x00000000000152b8        0x0 ../Medidor_desempenho_bsp//obj/HAL/src/crt0.o
 .bss           0x00000000000152b8        0x0 obj/default/main.o
 .bss           0x00000000000152b8        0x0 ../Medidor_desempenho_bsp/\libhal_bsp.a(alt_load.o)
 .bss           0x00000000000152b8        0x0 ../Medidor_desempenho_bsp/\libhal_bsp.a(alt_main.o)
 .bss           0x00000000000152b8        0x0 ../Medidor_desempenho_bsp/\libhal_bsp.a(alt_sys_init.o)
 .bss           0x00000000000152b8        0x0 ../Medidor_desempenho_bsp/\libhal_bsp.a(altera_avalon_jtag_uart_fd.o)
 .bss           0x00000000000152b8        0x0 ../Medidor_desempenho_bsp/\libhal_bsp.a(altera_avalon_jtag_uart_init.o)
 .bss           0x00000000000152b8        0x0 ../Medidor_desempenho_bsp/\libhal_bsp.a(altera_avalon_jtag_uart_ioctl.o)
 .bss           0x00000000000152b8        0x0 ../Medidor_desempenho_bsp/\libhal_bsp.a(altera_avalon_jtag_uart_read.o)
 .bss           0x00000000000152b8        0x0 ../Medidor_desempenho_bsp/\libhal_bsp.a(altera_avalon_jtag_uart_write.o)
 .bss           0x00000000000152b8        0x0 ../Medidor_desempenho_bsp/\libhal_bsp.a(alt_alarm_start.o)
 .bss           0x00000000000152b8        0x0 ../Medidor_desempenho_bsp/\libhal_bsp.a(alt_close.o)
 .bss           0x00000000000152b8        0x0 ../Medidor_desempenho_bsp/\libhal_bsp.a(alt_dcache_flush_all.o)
 .bss           0x00000000000152b8        0x0 ../Medidor_desempenho_bsp/\libhal_bsp.a(alt_dev.o)
 .bss           0x00000000000152b8        0x0 ../Medidor_desempenho_bsp/\libhal_bsp.a(alt_dev_llist_insert.o)
 .bss           0x00000000000152b8        0x0 ../Medidor_desempenho_bsp/\libhal_bsp.a(alt_do_ctors.o)
 .bss           0x00000000000152b8        0x0 ../Medidor_desempenho_bsp/\libhal_bsp.a(alt_do_dtors.o)
 .bss           0x00000000000152b8        0x0 ../Medidor_desempenho_bsp/\libhal_bsp.a(alt_errno.o)
 .bss           0x00000000000152b8        0x0 ../Medidor_desempenho_bsp/\libhal_bsp.a(alt_icache_flush_all.o)
 .bss           0x00000000000152b8        0x0 ../Medidor_desempenho_bsp/\libhal_bsp.a(alt_iic.o)
 .bss           0x00000000000152b8        0x0 ../Medidor_desempenho_bsp/\libhal_bsp.a(alt_iic_isr_register.o)
 .bss           0x00000000000152b8        0x0 ../Medidor_desempenho_bsp/\libhal_bsp.a(alt_io_redirect.o)
 .bss           0x00000000000152b8        0x0 ../Medidor_desempenho_bsp/\libhal_bsp.a(alt_irq_entry.o)
 .bss           0x00000000000152b8        0x0 ../Medidor_desempenho_bsp/\libhal_bsp.a(alt_irq_handler.o)
 .bss           0x00000000000152b8        0x0 ../Medidor_desempenho_bsp/\libhal_bsp.a(alt_irq_vars.o)
 .bss           0x00000000000152b8        0x0 ../Medidor_desempenho_bsp/\libhal_bsp.a(alt_open.o)
 .bss           0x00000000000152b8        0x0 ../Medidor_desempenho_bsp/\libhal_bsp.a(alt_release_fd.o)
 .bss           0x00000000000152b8        0x0 ../Medidor_desempenho_bsp/\libhal_bsp.a(alt_tick.o)
 .bss           0x00000000000152b8        0x0 ../Medidor_desempenho_bsp/\libhal_bsp.a(altera_nios2_gen2_irq.o)
 .bss           0x00000000000152b8        0x0 ../Medidor_desempenho_bsp/\libhal_bsp.a(alt_exception_entry.o)
 .bss           0x00000000000152b8        0x0 ../Medidor_desempenho_bsp/\libhal_bsp.a(alt_find_dev.o)
 .bss           0x00000000000152b8        0x0 ../Medidor_desempenho_bsp/\libhal_bsp.a(alt_find_file.o)
 .bss           0x00000000000152b8        0x0 ../Medidor_desempenho_bsp/\libhal_bsp.a(alt_get_fd.o)
 .bss           0x00000000000152b8        0x0 ../Medidor_desempenho_bsp/\libhal_bsp.a(alt_instruction_exception_entry.o)
 .bss           0x00000000000152b8        0x0 c:/users/ferna/nios2eds/bin/gnu/h-x86_64-mingw32/bin/../lib/gcc/nios2-elf/5.3.0/../../../../../H-x86_64-mingw32/nios2-elf/lib/mno-hw-mul\libc.a(lib_a-atexit.o)
 .bss           0x00000000000152b8        0x0 c:/users/ferna/nios2eds/bin/gnu/h-x86_64-mingw32/bin/../lib/gcc/nios2-elf/5.3.0/../../../../../H-x86_64-mingw32/nios2-elf/lib/mno-hw-mul\libc.a(lib_a-exit.o)
 .bss           0x00000000000152b8        0x0 c:/users/ferna/nios2eds/bin/gnu/h-x86_64-mingw32/bin/../lib/gcc/nios2-elf/5.3.0/../../../../../H-x86_64-mingw32/nios2-elf/lib/mno-hw-mul\libc.a(lib_a-impure.o)
 .bss           0x00000000000152b8        0x0 c:/users/ferna/nios2eds/bin/gnu/h-x86_64-mingw32/bin/../lib/gcc/nios2-elf/5.3.0/../../../../../H-x86_64-mingw32/nios2-elf/lib/mno-hw-mul\libc.a(lib_a-int_errno.o)
 .bss           0x00000000000152b8        0x0 c:/users/ferna/nios2eds/bin/gnu/h-x86_64-mingw32/bin/../lib/gcc/nios2-elf/5.3.0/../../../../../H-x86_64-mingw32/nios2-elf/lib/mno-hw-mul\libc.a(lib_a-memcmp.o)
 .bss           0x00000000000152b8        0x0 c:/users/ferna/nios2eds/bin/gnu/h-x86_64-mingw32/bin/../lib/gcc/nios2-elf/5.3.0/../../../../../H-x86_64-mingw32/nios2-elf/lib/mno-hw-mul\libc.a(lib_a-memcpy.o)
 .bss           0x00000000000152b8        0x0 c:/users/ferna/nios2eds/bin/gnu/h-x86_64-mingw32/bin/../lib/gcc/nios2-elf/5.3.0/../../../../../H-x86_64-mingw32/nios2-elf/lib/mno-hw-mul\libc.a(lib_a-strlen.o)
 .bss           0x00000000000152b8        0x0 c:/users/ferna/nios2eds/bin/gnu/h-x86_64-mingw32/bin/../lib/gcc/nios2-elf/5.3.0/../../../../../H-x86_64-mingw32/nios2-elf/lib/mno-hw-mul\libc.a(lib_a-__atexit.o)
 .bss           0x00000000000152b8        0x0 c:/users/ferna/nios2eds/bin/gnu/h-x86_64-mingw32/bin/../lib/gcc/nios2-elf/5.3.0/../../../../../H-x86_64-mingw32/nios2-elf/lib/mno-hw-mul\libc.a(lib_a-__call_atexit.o)
 .bss           0x00000000000152b8        0x0 c:/users/ferna/nios2eds/bin/gnu/h-x86_64-mingw32/bin/../lib/gcc/nios2-elf/5.3.0/mno-hw-mul\libgcc.a(lib2-mul.o)
 .bss           0x00000000000152b8        0x0 ../Medidor_desempenho_bsp/\libhal_bsp.a(alt_exit.o)
 *(COMMON)
 COMMON         0x00000000000152b8      0x100 ../Medidor_desempenho_bsp/\libhal_bsp.a(alt_irq_handler.o)
                0x00000000000152b8                alt_irq
                0x00000000000153b8                . = ALIGN (0x4)
                0x00000000000153b8                __bss_end = ABSOLUTE (.)

.data_memory    0x0000000000000000        0x0 load address 0x00000000000153b8
                [!provide]                        PROVIDE (_alt_partition_data_memory_start, ABSOLUTE (.))
 *(.data_memory .data_memory. data_memory.*)
                0x0000000000000000                . = ALIGN (0x4)
                [!provide]                        PROVIDE (_alt_partition_data_memory_end, ABSOLUTE (.))
                [!provide]                        PROVIDE (_alt_partition_data_memory_load_addr, LOADADDR (.data_memory))

.program_memory
                0x00000000000153b8        0x0
                [!provide]                        PROVIDE (_alt_partition_program_memory_start, ABSOLUTE (.))
 *(.program_memory .program_memory. program_memory.*)
                0x00000000000153b8                . = ALIGN (0x4)
                [!provide]                        PROVIDE (_alt_partition_program_memory_end, ABSOLUTE (.))
                0x00000000000153b8                _end = ABSOLUTE (.)
                0x00000000000153b8                end = ABSOLUTE (.)
                0x00000000000153b8                __alt_stack_base = ABSOLUTE (.)
                [!provide]                        PROVIDE (_alt_partition_program_memory_load_addr, LOADADDR (.program_memory))

.stab
 *(.stab)

.stabstr
 *(.stabstr)

.stab.excl
 *(.stab.excl)

.stab.exclstr
 *(.stab.exclstr)

.stab.index
 *(.stab.index)

.stab.indexstr
 *(.stab.indexstr)

.comment        0x0000000000000000       0x23
 *(.comment)
 .comment       0x0000000000000000       0x23 obj/default/main.o
                                         0x24 (size before relaxing)
 .comment       0x0000000000000023       0x24 ../Medidor_desempenho_bsp/\libhal_bsp.a(alt_load.o)
 .comment       0x0000000000000023       0x24 ../Medidor_desempenho_bsp/\libhal_bsp.a(alt_main.o)
 .comment       0x0000000000000023       0x24 ../Medidor_desempenho_bsp/\libhal_bsp.a(alt_sys_init.o)
 .comment       0x0000000000000023       0x24 ../Medidor_desempenho_bsp/\libhal_bsp.a(altera_avalon_jtag_uart_fd.o)
 .comment       0x0000000000000023       0x24 ../Medidor_desempenho_bsp/\libhal_bsp.a(altera_avalon_jtag_uart_init.o)
 .comment       0x0000000000000023       0x24 ../Medidor_desempenho_bsp/\libhal_bsp.a(altera_avalon_jtag_uart_ioctl.o)
 .comment       0x0000000000000023       0x24 ../Medidor_desempenho_bsp/\libhal_bsp.a(altera_avalon_jtag_uart_read.o)
 .comment       0x0000000000000023       0x24 ../Medidor_desempenho_bsp/\libhal_bsp.a(altera_avalon_jtag_uart_write.o)
 .comment       0x0000000000000023       0x24 ../Medidor_desempenho_bsp/\libhal_bsp.a(alt_alarm_start.o)
 .comment       0x0000000000000023       0x24 ../Medidor_desempenho_bsp/\libhal_bsp.a(alt_close.o)
 .comment       0x0000000000000023       0x24 ../Medidor_desempenho_bsp/\libhal_bsp.a(alt_dcache_flush_all.o)
 .comment       0x0000000000000023       0x24 ../Medidor_desempenho_bsp/\libhal_bsp.a(alt_dev.o)
 .comment       0x0000000000000023       0x24 ../Medidor_desempenho_bsp/\libhal_bsp.a(alt_dev_llist_insert.o)
 .comment       0x0000000000000023       0x24 ../Medidor_desempenho_bsp/\libhal_bsp.a(alt_do_ctors.o)
 .comment       0x0000000000000023       0x24 ../Medidor_desempenho_bsp/\libhal_bsp.a(alt_do_dtors.o)
 .comment       0x0000000000000023       0x24 ../Medidor_desempenho_bsp/\libhal_bsp.a(alt_errno.o)
 .comment       0x0000000000000023       0x24 ../Medidor_desempenho_bsp/\libhal_bsp.a(alt_icache_flush_all.o)
 .comment       0x0000000000000023       0x24 ../Medidor_desempenho_bsp/\libhal_bsp.a(alt_iic.o)
 .comment       0x0000000000000023       0x24 ../Medidor_desempenho_bsp/\libhal_bsp.a(alt_iic_isr_register.o)
 .comment       0x0000000000000023       0x24 ../Medidor_desempenho_bsp/\libhal_bsp.a(alt_io_redirect.o)
 .comment       0x0000000000000023       0x24 ../Medidor_desempenho_bsp/\libhal_bsp.a(alt_irq_handler.o)
 .comment       0x0000000000000023       0x24 ../Medidor_desempenho_bsp/\libhal_bsp.a(alt_irq_vars.o)
 .comment       0x0000000000000023       0x24 ../Medidor_desempenho_bsp/\libhal_bsp.a(alt_open.o)
 .comment       0x0000000000000023       0x24 ../Medidor_desempenho_bsp/\libhal_bsp.a(alt_release_fd.o)
 .comment       0x0000000000000023       0x24 ../Medidor_desempenho_bsp/\libhal_bsp.a(alt_tick.o)
 .comment       0x0000000000000023       0x24 ../Medidor_desempenho_bsp/\libhal_bsp.a(altera_nios2_gen2_irq.o)
 .comment       0x0000000000000023       0x24 ../Medidor_desempenho_bsp/\libhal_bsp.a(alt_find_dev.o)
 .comment       0x0000000000000023       0x24 ../Medidor_desempenho_bsp/\libhal_bsp.a(alt_find_file.o)
 .comment       0x0000000000000023       0x24 ../Medidor_desempenho_bsp/\libhal_bsp.a(alt_get_fd.o)
 .comment       0x0000000000000023       0x24 ../Medidor_desempenho_bsp/\libhal_bsp.a(alt_instruction_exception_entry.o)
 .comment       0x0000000000000023       0x24 c:/users/ferna/nios2eds/bin/gnu/h-x86_64-mingw32/bin/../lib/gcc/nios2-elf/5.3.0/../../../../../H-x86_64-mingw32/nios2-elf/lib/mno-hw-mul\libc.a(lib_a-atexit.o)
 .comment       0x0000000000000023       0x24 c:/users/ferna/nios2eds/bin/gnu/h-x86_64-mingw32/bin/../lib/gcc/nios2-elf/5.3.0/../../../../../H-x86_64-mingw32/nios2-elf/lib/mno-hw-mul\libc.a(lib_a-exit.o)
 .comment       0x0000000000000023       0x24 c:/users/ferna/nios2eds/bin/gnu/h-x86_64-mingw32/bin/../lib/gcc/nios2-elf/5.3.0/../../../../../H-x86_64-mingw32/nios2-elf/lib/mno-hw-mul\libc.a(lib_a-impure.o)
 .comment       0x0000000000000023       0x24 c:/users/ferna/nios2eds/bin/gnu/h-x86_64-mingw32/bin/../lib/gcc/nios2-elf/5.3.0/../../../../../H-x86_64-mingw32/nios2-elf/lib/mno-hw-mul\libc.a(lib_a-int_errno.o)
 .comment       0x0000000000000023       0x24 c:/users/ferna/nios2eds/bin/gnu/h-x86_64-mingw32/bin/../lib/gcc/nios2-elf/5.3.0/../../../../../H-x86_64-mingw32/nios2-elf/lib/mno-hw-mul\libc.a(lib_a-memcmp.o)
 .comment       0x0000000000000023       0x24 c:/users/ferna/nios2eds/bin/gnu/h-x86_64-mingw32/bin/../lib/gcc/nios2-elf/5.3.0/../../../../../H-x86_64-mingw32/nios2-elf/lib/mno-hw-mul\libc.a(lib_a-memcpy.o)
 .comment       0x0000000000000023       0x24 c:/users/ferna/nios2eds/bin/gnu/h-x86_64-mingw32/bin/../lib/gcc/nios2-elf/5.3.0/../../../../../H-x86_64-mingw32/nios2-elf/lib/mno-hw-mul\libc.a(lib_a-strlen.o)
 .comment       0x0000000000000023       0x24 c:/users/ferna/nios2eds/bin/gnu/h-x86_64-mingw32/bin/../lib/gcc/nios2-elf/5.3.0/../../../../../H-x86_64-mingw32/nios2-elf/lib/mno-hw-mul\libc.a(lib_a-__atexit.o)
 .comment       0x0000000000000023       0x24 c:/users/ferna/nios2eds/bin/gnu/h-x86_64-mingw32/bin/../lib/gcc/nios2-elf/5.3.0/../../../../../H-x86_64-mingw32/nios2-elf/lib/mno-hw-mul\libc.a(lib_a-__call_atexit.o)
 .comment       0x0000000000000023       0x24 c:/users/ferna/nios2eds/bin/gnu/h-x86_64-mingw32/bin/../lib/gcc/nios2-elf/5.3.0/mno-hw-mul\libgcc.a(lib2-mul.o)
 .comment       0x0000000000000023       0x24 ../Medidor_desempenho_bsp/\libhal_bsp.a(alt_exit.o)

.debug
 *(.debug)

.line
 *(.line)

.debug_srcinfo
 *(.debug_srcinfo)

.debug_sfnames
 *(.debug_sfnames)

.debug_aranges  0x0000000000000000      0x5b8
 *(.debug_aranges)
 .debug_aranges
                0x0000000000000000       0x28 ../Medidor_desempenho_bsp//obj/HAL/src/crt0.o
 .debug_aranges
                0x0000000000000028       0x20 obj/default/main.o
 .debug_aranges
                0x0000000000000048       0x20 ../Medidor_desempenho_bsp/\libhal_bsp.a(alt_load.o)
 .debug_aranges
                0x0000000000000068       0x20 ../Medidor_desempenho_bsp/\libhal_bsp.a(alt_main.o)
 .debug_aranges
                0x0000000000000088       0x20 ../Medidor_desempenho_bsp/\libhal_bsp.a(alt_sys_init.o)
 .debug_aranges
                0x00000000000000a8       0x20 ../Medidor_desempenho_bsp/\libhal_bsp.a(altera_avalon_jtag_uart_fd.o)
 .debug_aranges
                0x00000000000000c8       0x20 ../Medidor_desempenho_bsp/\libhal_bsp.a(altera_avalon_jtag_uart_init.o)
 .debug_aranges
                0x00000000000000e8       0x20 ../Medidor_desempenho_bsp/\libhal_bsp.a(altera_avalon_jtag_uart_ioctl.o)
 .debug_aranges
                0x0000000000000108       0x20 ../Medidor_desempenho_bsp/\libhal_bsp.a(altera_avalon_jtag_uart_read.o)
 .debug_aranges
                0x0000000000000128       0x20 ../Medidor_desempenho_bsp/\libhal_bsp.a(altera_avalon_jtag_uart_write.o)
 .debug_aranges
                0x0000000000000148       0x20 ../Medidor_desempenho_bsp/\libhal_bsp.a(alt_alarm_start.o)
 .debug_aranges
                0x0000000000000168       0x20 ../Medidor_desempenho_bsp/\libhal_bsp.a(alt_close.o)
 .debug_aranges
                0x0000000000000188       0x20 ../Medidor_desempenho_bsp/\libhal_bsp.a(alt_dcache_flush_all.o)
 .debug_aranges
                0x00000000000001a8       0x20 ../Medidor_desempenho_bsp/\libhal_bsp.a(alt_dev.o)
 .debug_aranges
                0x00000000000001c8       0x20 ../Medidor_desempenho_bsp/\libhal_bsp.a(alt_dev_llist_insert.o)
 .debug_aranges
                0x00000000000001e8       0x20 ../Medidor_desempenho_bsp/\libhal_bsp.a(alt_do_ctors.o)
 .debug_aranges
                0x0000000000000208       0x20 ../Medidor_desempenho_bsp/\libhal_bsp.a(alt_do_dtors.o)
 .debug_aranges
                0x0000000000000228       0x18 ../Medidor_desempenho_bsp/\libhal_bsp.a(alt_errno.o)
 .debug_aranges
                0x0000000000000240       0x20 ../Medidor_desempenho_bsp/\libhal_bsp.a(alt_icache_flush_all.o)
 .debug_aranges
                0x0000000000000260       0x20 ../Medidor_desempenho_bsp/\libhal_bsp.a(alt_iic.o)
 .debug_aranges
                0x0000000000000280       0x20 ../Medidor_desempenho_bsp/\libhal_bsp.a(alt_iic_isr_register.o)
 .debug_aranges
                0x00000000000002a0       0x20 ../Medidor_desempenho_bsp/\libhal_bsp.a(alt_io_redirect.o)
 .debug_aranges
                0x00000000000002c0       0x30 ../Medidor_desempenho_bsp/\libhal_bsp.a(alt_irq_entry.o)
 .debug_aranges
                0x00000000000002f0       0x20 ../Medidor_desempenho_bsp/\libhal_bsp.a(alt_irq_handler.o)
 .debug_aranges
                0x0000000000000310       0x18 ../Medidor_desempenho_bsp/\libhal_bsp.a(alt_irq_vars.o)
 .debug_aranges
                0x0000000000000328       0x20 ../Medidor_desempenho_bsp/\libhal_bsp.a(alt_open.o)
 .debug_aranges
                0x0000000000000348       0x20 ../Medidor_desempenho_bsp/\libhal_bsp.a(alt_release_fd.o)
 .debug_aranges
                0x0000000000000368       0x20 ../Medidor_desempenho_bsp/\libhal_bsp.a(alt_tick.o)
 .debug_aranges
                0x0000000000000388       0x20 ../Medidor_desempenho_bsp/\libhal_bsp.a(altera_nios2_gen2_irq.o)
 .debug_aranges
                0x00000000000003a8       0x38 ../Medidor_desempenho_bsp/\libhal_bsp.a(alt_exception_entry.o)
 .debug_aranges
                0x00000000000003e0       0x20 ../Medidor_desempenho_bsp/\libhal_bsp.a(alt_find_dev.o)
 .debug_aranges
                0x0000000000000400       0x20 ../Medidor_desempenho_bsp/\libhal_bsp.a(alt_find_file.o)
 .debug_aranges
                0x0000000000000420       0x20 ../Medidor_desempenho_bsp/\libhal_bsp.a(alt_get_fd.o)
 .debug_aranges
                0x0000000000000440       0x28 ../Medidor_desempenho_bsp/\libhal_bsp.a(alt_instruction_exception_entry.o)
 .debug_aranges
                0x0000000000000468       0x20 c:/users/ferna/nios2eds/bin/gnu/h-x86_64-mingw32/bin/../lib/gcc/nios2-elf/5.3.0/../../../../../H-x86_64-mingw32/nios2-elf/lib/mno-hw-mul\libc.a(lib_a-atexit.o)
 .debug_aranges
                0x0000000000000488       0x20 c:/users/ferna/nios2eds/bin/gnu/h-x86_64-mingw32/bin/../lib/gcc/nios2-elf/5.3.0/../../../../../H-x86_64-mingw32/nios2-elf/lib/mno-hw-mul\libc.a(lib_a-exit.o)
 .debug_aranges
                0x00000000000004a8       0x18 c:/users/ferna/nios2eds/bin/gnu/h-x86_64-mingw32/bin/../lib/gcc/nios2-elf/5.3.0/../../../../../H-x86_64-mingw32/nios2-elf/lib/mno-hw-mul\libc.a(lib_a-impure.o)
 .debug_aranges
                0x00000000000004c0       0x18 c:/users/ferna/nios2eds/bin/gnu/h-x86_64-mingw32/bin/../lib/gcc/nios2-elf/5.3.0/../../../../../H-x86_64-mingw32/nios2-elf/lib/mno-hw-mul\libc.a(lib_a-int_errno.o)
 .debug_aranges
                0x00000000000004d8       0x20 c:/users/ferna/nios2eds/bin/gnu/h-x86_64-mingw32/bin/../lib/gcc/nios2-elf/5.3.0/../../../../../H-x86_64-mingw32/nios2-elf/lib/mno-hw-mul\libc.a(lib_a-memcmp.o)
 .debug_aranges
                0x00000000000004f8       0x20 c:/users/ferna/nios2eds/bin/gnu/h-x86_64-mingw32/bin/../lib/gcc/nios2-elf/5.3.0/../../../../../H-x86_64-mingw32/nios2-elf/lib/mno-hw-mul\libc.a(lib_a-memcpy.o)
 .debug_aranges
                0x0000000000000518       0x20 c:/users/ferna/nios2eds/bin/gnu/h-x86_64-mingw32/bin/../lib/gcc/nios2-elf/5.3.0/../../../../../H-x86_64-mingw32/nios2-elf/lib/mno-hw-mul\libc.a(lib_a-strlen.o)
 .debug_aranges
                0x0000000000000538       0x20 c:/users/ferna/nios2eds/bin/gnu/h-x86_64-mingw32/bin/../lib/gcc/nios2-elf/5.3.0/../../../../../H-x86_64-mingw32/nios2-elf/lib/mno-hw-mul\libc.a(lib_a-__atexit.o)
 .debug_aranges
                0x0000000000000558       0x20 c:/users/ferna/nios2eds/bin/gnu/h-x86_64-mingw32/bin/../lib/gcc/nios2-elf/5.3.0/../../../../../H-x86_64-mingw32/nios2-elf/lib/mno-hw-mul\libc.a(lib_a-__call_atexit.o)
 .debug_aranges
                0x0000000000000578       0x20 c:/users/ferna/nios2eds/bin/gnu/h-x86_64-mingw32/bin/../lib/gcc/nios2-elf/5.3.0/mno-hw-mul\libgcc.a(lib2-mul.o)
 .debug_aranges
                0x0000000000000598       0x20 ../Medidor_desempenho_bsp/\libhal_bsp.a(alt_exit.o)

.debug_pubnames
 *(.debug_pubnames)

.debug_info     0x0000000000000000     0x7503
 *(.debug_info .gnu.linkonce.wi.*)
 .debug_info    0x0000000000000000       0x7b ../Medidor_desempenho_bsp//obj/HAL/src/crt0.o
 .debug_info    0x000000000000007b       0x97 obj/default/main.o
 .debug_info    0x0000000000000112      0x145 ../Medidor_desempenho_bsp/\libhal_bsp.a(alt_load.o)
 .debug_info    0x0000000000000257      0x131 ../Medidor_desempenho_bsp/\libhal_bsp.a(alt_main.o)
 .debug_info    0x0000000000000388      0x4c3 ../Medidor_desempenho_bsp/\libhal_bsp.a(alt_sys_init.o)
 .debug_info    0x000000000000084b      0x52e ../Medidor_desempenho_bsp/\libhal_bsp.a(altera_avalon_jtag_uart_fd.o)
 .debug_info    0x0000000000000d79      0x3a0 ../Medidor_desempenho_bsp/\libhal_bsp.a(altera_avalon_jtag_uart_init.o)
 .debug_info    0x0000000000001119      0x280 ../Medidor_desempenho_bsp/\libhal_bsp.a(altera_avalon_jtag_uart_ioctl.o)
 .debug_info    0x0000000000001399      0x345 ../Medidor_desempenho_bsp/\libhal_bsp.a(altera_avalon_jtag_uart_read.o)
 .debug_info    0x00000000000016de      0x340 ../Medidor_desempenho_bsp/\libhal_bsp.a(altera_avalon_jtag_uart_write.o)
 .debug_info    0x0000000000001a1e      0x2cc ../Medidor_desempenho_bsp/\libhal_bsp.a(alt_alarm_start.o)
 .debug_info    0x0000000000001cea      0x321 ../Medidor_desempenho_bsp/\libhal_bsp.a(alt_close.o)
 .debug_info    0x000000000000200b       0x92 ../Medidor_desempenho_bsp/\libhal_bsp.a(alt_dcache_flush_all.o)
 .debug_info    0x000000000000209d      0x49c ../Medidor_desempenho_bsp/\libhal_bsp.a(alt_dev.o)
 .debug_info    0x0000000000002539      0x1a9 ../Medidor_desempenho_bsp/\libhal_bsp.a(alt_dev_llist_insert.o)
 .debug_info    0x00000000000026e2       0x83 ../Medidor_desempenho_bsp/\libhal_bsp.a(alt_do_ctors.o)
 .debug_info    0x0000000000002765       0x83 ../Medidor_desempenho_bsp/\libhal_bsp.a(alt_do_dtors.o)
 .debug_info    0x00000000000027e8       0xa6 ../Medidor_desempenho_bsp/\libhal_bsp.a(alt_errno.o)
 .debug_info    0x000000000000288e       0x92 ../Medidor_desempenho_bsp/\libhal_bsp.a(alt_icache_flush_all.o)
 .debug_info    0x0000000000002920      0x350 ../Medidor_desempenho_bsp/\libhal_bsp.a(alt_iic.o)
 .debug_info    0x0000000000002c70      0x1ef ../Medidor_desempenho_bsp/\libhal_bsp.a(alt_iic_isr_register.o)
 .debug_info    0x0000000000002e5f      0x4a5 ../Medidor_desempenho_bsp/\libhal_bsp.a(alt_io_redirect.o)
 .debug_info    0x0000000000003304       0x84 ../Medidor_desempenho_bsp/\libhal_bsp.a(alt_irq_entry.o)
 .debug_info    0x0000000000003388      0x187 ../Medidor_desempenho_bsp/\libhal_bsp.a(alt_irq_handler.o)
 .debug_info    0x000000000000350f       0x88 ../Medidor_desempenho_bsp/\libhal_bsp.a(alt_irq_vars.o)
 .debug_info    0x0000000000003597      0x3bb ../Medidor_desempenho_bsp/\libhal_bsp.a(alt_open.o)
 .debug_info    0x0000000000003952      0x2b0 ../Medidor_desempenho_bsp/\libhal_bsp.a(alt_release_fd.o)
 .debug_info    0x0000000000003c02      0x299 ../Medidor_desempenho_bsp/\libhal_bsp.a(alt_tick.o)
 .debug_info    0x0000000000003e9b       0x92 ../Medidor_desempenho_bsp/\libhal_bsp.a(altera_nios2_gen2_irq.o)
 .debug_info    0x0000000000003f2d       0x8a ../Medidor_desempenho_bsp/\libhal_bsp.a(alt_exception_entry.o)
 .debug_info    0x0000000000003fb7      0x2e9 ../Medidor_desempenho_bsp/\libhal_bsp.a(alt_find_dev.o)
 .debug_info    0x00000000000042a0      0x2e6 ../Medidor_desempenho_bsp/\libhal_bsp.a(alt_find_file.o)
 .debug_info    0x0000000000004586      0x310 ../Medidor_desempenho_bsp/\libhal_bsp.a(alt_get_fd.o)
 .debug_info    0x0000000000004896      0x1e7 ../Medidor_desempenho_bsp/\libhal_bsp.a(alt_instruction_exception_entry.o)
 .debug_info    0x0000000000004a7d       0xfe c:/users/ferna/nios2eds/bin/gnu/h-x86_64-mingw32/bin/../lib/gcc/nios2-elf/5.3.0/../../../../../H-x86_64-mingw32/nios2-elf/lib/mno-hw-mul\libc.a(lib_a-atexit.o)
 .debug_info    0x0000000000004b7b      0x8e4 c:/users/ferna/nios2eds/bin/gnu/h-x86_64-mingw32/bin/../lib/gcc/nios2-elf/5.3.0/../../../../../H-x86_64-mingw32/nios2-elf/lib/mno-hw-mul\libc.a(lib_a-exit.o)
 .debug_info    0x000000000000545f      0x8a1 c:/users/ferna/nios2eds/bin/gnu/h-x86_64-mingw32/bin/../lib/gcc/nios2-elf/5.3.0/../../../../../H-x86_64-mingw32/nios2-elf/lib/mno-hw-mul\libc.a(lib_a-impure.o)
 .debug_info    0x0000000000005d00       0x8a c:/users/ferna/nios2eds/bin/gnu/h-x86_64-mingw32/bin/../lib/gcc/nios2-elf/5.3.0/../../../../../H-x86_64-mingw32/nios2-elf/lib/mno-hw-mul\libc.a(lib_a-int_errno.o)
 .debug_info    0x0000000000005d8a      0x11a c:/users/ferna/nios2eds/bin/gnu/h-x86_64-mingw32/bin/../lib/gcc/nios2-elf/5.3.0/../../../../../H-x86_64-mingw32/nios2-elf/lib/mno-hw-mul\libc.a(lib_a-memcmp.o)
 .debug_info    0x0000000000005ea4      0x144 c:/users/ferna/nios2eds/bin/gnu/h-x86_64-mingw32/bin/../lib/gcc/nios2-elf/5.3.0/../../../../../H-x86_64-mingw32/nios2-elf/lib/mno-hw-mul\libc.a(lib_a-memcpy.o)
 .debug_info    0x0000000000005fe8       0xe2 c:/users/ferna/nios2eds/bin/gnu/h-x86_64-mingw32/bin/../lib/gcc/nios2-elf/5.3.0/../../../../../H-x86_64-mingw32/nios2-elf/lib/mno-hw-mul\libc.a(lib_a-strlen.o)
 .debug_info    0x00000000000060ca      0x934 c:/users/ferna/nios2eds/bin/gnu/h-x86_64-mingw32/bin/../lib/gcc/nios2-elf/5.3.0/../../../../../H-x86_64-mingw32/nios2-elf/lib/mno-hw-mul\libc.a(lib_a-__atexit.o)
 .debug_info    0x00000000000069fe      0x965 c:/users/ferna/nios2eds/bin/gnu/h-x86_64-mingw32/bin/../lib/gcc/nios2-elf/5.3.0/../../../../../H-x86_64-mingw32/nios2-elf/lib/mno-hw-mul\libc.a(lib_a-__call_atexit.o)
 .debug_info    0x0000000000007363       0xb4 c:/users/ferna/nios2eds/bin/gnu/h-x86_64-mingw32/bin/../lib/gcc/nios2-elf/5.3.0/mno-hw-mul\libgcc.a(lib2-mul.o)
 .debug_info    0x0000000000007417       0xec ../Medidor_desempenho_bsp/\libhal_bsp.a(alt_exit.o)

.debug_abbrev   0x0000000000000000     0x2927
 *(.debug_abbrev)
 .debug_abbrev  0x0000000000000000       0x12 ../Medidor_desempenho_bsp//obj/HAL/src/crt0.o
 .debug_abbrev  0x0000000000000012       0x73 obj/default/main.o
 .debug_abbrev  0x0000000000000085       0x9f ../Medidor_desempenho_bsp/\libhal_bsp.a(alt_load.o)
 .debug_abbrev  0x0000000000000124       0xba ../Medidor_desempenho_bsp/\libhal_bsp.a(alt_main.o)
 .debug_abbrev  0x00000000000001de      0x187 ../Medidor_desempenho_bsp/\libhal_bsp.a(alt_sys_init.o)
 .debug_abbrev  0x0000000000000365      0x127 ../Medidor_desempenho_bsp/\libhal_bsp.a(altera_avalon_jtag_uart_fd.o)
 .debug_abbrev  0x000000000000048c      0x19e ../Medidor_desempenho_bsp/\libhal_bsp.a(altera_avalon_jtag_uart_init.o)
 .debug_abbrev  0x000000000000062a      0x111 ../Medidor_desempenho_bsp/\libhal_bsp.a(altera_avalon_jtag_uart_ioctl.o)
 .debug_abbrev  0x000000000000073b      0x1aa ../Medidor_desempenho_bsp/\libhal_bsp.a(altera_avalon_jtag_uart_read.o)
 .debug_abbrev  0x00000000000008e5      0x1a8 ../Medidor_desempenho_bsp/\libhal_bsp.a(altera_avalon_jtag_uart_write.o)
 .debug_abbrev  0x0000000000000a8d      0x162 ../Medidor_desempenho_bsp/\libhal_bsp.a(alt_alarm_start.o)
 .debug_abbrev  0x0000000000000bef      0x11f ../Medidor_desempenho_bsp/\libhal_bsp.a(alt_close.o)
 .debug_abbrev  0x0000000000000d0e       0x42 ../Medidor_desempenho_bsp/\libhal_bsp.a(alt_dcache_flush_all.o)
 .debug_abbrev  0x0000000000000d50       0xd9 ../Medidor_desempenho_bsp/\libhal_bsp.a(alt_dev.o)
 .debug_abbrev  0x0000000000000e29      0x114 ../Medidor_desempenho_bsp/\libhal_bsp.a(alt_dev_llist_insert.o)
 .debug_abbrev  0x0000000000000f3d       0x79 ../Medidor_desempenho_bsp/\libhal_bsp.a(alt_do_ctors.o)
 .debug_abbrev  0x0000000000000fb6       0x79 ../Medidor_desempenho_bsp/\libhal_bsp.a(alt_do_dtors.o)
 .debug_abbrev  0x000000000000102f       0x5a ../Medidor_desempenho_bsp/\libhal_bsp.a(alt_errno.o)
 .debug_abbrev  0x0000000000001089       0x42 ../Medidor_desempenho_bsp/\libhal_bsp.a(alt_icache_flush_all.o)
 .debug_abbrev  0x00000000000010cb      0x163 ../Medidor_desempenho_bsp/\libhal_bsp.a(alt_iic.o)
 .debug_abbrev  0x000000000000122e      0x169 ../Medidor_desempenho_bsp/\libhal_bsp.a(alt_iic_isr_register.o)
 .debug_abbrev  0x0000000000001397      0x114 ../Medidor_desempenho_bsp/\libhal_bsp.a(alt_io_redirect.o)
 .debug_abbrev  0x00000000000014ab       0x12 ../Medidor_desempenho_bsp/\libhal_bsp.a(alt_irq_entry.o)
 .debug_abbrev  0x00000000000014bd      0x122 ../Medidor_desempenho_bsp/\libhal_bsp.a(alt_irq_handler.o)
 .debug_abbrev  0x00000000000015df       0x40 ../Medidor_desempenho_bsp/\libhal_bsp.a(alt_irq_vars.o)
 .debug_abbrev  0x000000000000161f      0x148 ../Medidor_desempenho_bsp/\libhal_bsp.a(alt_open.o)
 .debug_abbrev  0x0000000000001767       0xde ../Medidor_desempenho_bsp/\libhal_bsp.a(alt_release_fd.o)
 .debug_abbrev  0x0000000000001845      0x15a ../Medidor_desempenho_bsp/\libhal_bsp.a(alt_tick.o)
 .debug_abbrev  0x000000000000199f       0x42 ../Medidor_desempenho_bsp/\libhal_bsp.a(altera_nios2_gen2_irq.o)
 .debug_abbrev  0x00000000000019e1       0x12 ../Medidor_desempenho_bsp/\libhal_bsp.a(alt_exception_entry.o)
 .debug_abbrev  0x00000000000019f3       0xf0 ../Medidor_desempenho_bsp/\libhal_bsp.a(alt_find_dev.o)
 .debug_abbrev  0x0000000000001ae3       0xf0 ../Medidor_desempenho_bsp/\libhal_bsp.a(alt_find_file.o)
 .debug_abbrev  0x0000000000001bd3      0x10d ../Medidor_desempenho_bsp/\libhal_bsp.a(alt_get_fd.o)
 .debug_abbrev  0x0000000000001ce0       0xdc ../Medidor_desempenho_bsp/\libhal_bsp.a(alt_instruction_exception_entry.o)
 .debug_abbrev  0x0000000000001dbc       0xaa c:/users/ferna/nios2eds/bin/gnu/h-x86_64-mingw32/bin/../lib/gcc/nios2-elf/5.3.0/../../../../../H-x86_64-mingw32/nios2-elf/lib/mno-hw-mul\libc.a(lib_a-atexit.o)
 .debug_abbrev  0x0000000000001e66      0x1e5 c:/users/ferna/nios2eds/bin/gnu/h-x86_64-mingw32/bin/../lib/gcc/nios2-elf/5.3.0/../../../../../H-x86_64-mingw32/nios2-elf/lib/mno-hw-mul\libc.a(lib_a-exit.o)
 .debug_abbrev  0x000000000000204b      0x18f c:/users/ferna/nios2eds/bin/gnu/h-x86_64-mingw32/bin/../lib/gcc/nios2-elf/5.3.0/../../../../../H-x86_64-mingw32/nios2-elf/lib/mno-hw-mul\libc.a(lib_a-impure.o)
 .debug_abbrev  0x00000000000021da       0x37 c:/users/ferna/nios2eds/bin/gnu/h-x86_64-mingw32/bin/../lib/gcc/nios2-elf/5.3.0/../../../../../H-x86_64-mingw32/nios2-elf/lib/mno-hw-mul\libc.a(lib_a-int_errno.o)
 .debug_abbrev  0x0000000000002211       0x7f c:/users/ferna/nios2eds/bin/gnu/h-x86_64-mingw32/bin/../lib/gcc/nios2-elf/5.3.0/../../../../../H-x86_64-mingw32/nios2-elf/lib/mno-hw-mul\libc.a(lib_a-memcmp.o)
 .debug_abbrev  0x0000000000002290       0xa3 c:/users/ferna/nios2eds/bin/gnu/h-x86_64-mingw32/bin/../lib/gcc/nios2-elf/5.3.0/../../../../../H-x86_64-mingw32/nios2-elf/lib/mno-hw-mul\libc.a(lib_a-memcpy.o)
 .debug_abbrev  0x0000000000002333       0x90 c:/users/ferna/nios2eds/bin/gnu/h-x86_64-mingw32/bin/../lib/gcc/nios2-elf/5.3.0/../../../../../H-x86_64-mingw32/nios2-elf/lib/mno-hw-mul\libc.a(lib_a-strlen.o)
 .debug_abbrev  0x00000000000023c3      0x21e c:/users/ferna/nios2eds/bin/gnu/h-x86_64-mingw32/bin/../lib/gcc/nios2-elf/5.3.0/../../../../../H-x86_64-mingw32/nios2-elf/lib/mno-hw-mul\libc.a(lib_a-__atexit.o)
 .debug_abbrev  0x00000000000025e1      0x22e c:/users/ferna/nios2eds/bin/gnu/h-x86_64-mingw32/bin/../lib/gcc/nios2-elf/5.3.0/../../../../../H-x86_64-mingw32/nios2-elf/lib/mno-hw-mul\libc.a(lib_a-__call_atexit.o)
 .debug_abbrev  0x000000000000280f       0x6f c:/users/ferna/nios2eds/bin/gnu/h-x86_64-mingw32/bin/../lib/gcc/nios2-elf/5.3.0/mno-hw-mul\libgcc.a(lib2-mul.o)
 .debug_abbrev  0x000000000000287e       0xa9 ../Medidor_desempenho_bsp/\libhal_bsp.a(alt_exit.o)

.debug_line     0x0000000000000000     0x2964
 *(.debug_line)
 .debug_line    0x0000000000000000       0x66 ../Medidor_desempenho_bsp//obj/HAL/src/crt0.o
 .debug_line    0x0000000000000066       0x69 obj/default/main.o
 .debug_line    0x00000000000000cf       0x8e ../Medidor_desempenho_bsp/\libhal_bsp.a(alt_load.o)
 .debug_line    0x000000000000015d       0xa4 ../Medidor_desempenho_bsp/\libhal_bsp.a(alt_main.o)
 .debug_line    0x0000000000000201      0x136 ../Medidor_desempenho_bsp/\libhal_bsp.a(alt_sys_init.o)
 .debug_line    0x0000000000000337      0x12f ../Medidor_desempenho_bsp/\libhal_bsp.a(altera_avalon_jtag_uart_fd.o)
 .debug_line    0x0000000000000466      0x18b ../Medidor_desempenho_bsp/\libhal_bsp.a(altera_avalon_jtag_uart_init.o)
 .debug_line    0x00000000000005f1      0x131 ../Medidor_desempenho_bsp/\libhal_bsp.a(altera_avalon_jtag_uart_ioctl.o)
 .debug_line    0x0000000000000722      0x171 ../Medidor_desempenho_bsp/\libhal_bsp.a(altera_avalon_jtag_uart_read.o)
 .debug_line    0x0000000000000893      0x170 ../Medidor_desempenho_bsp/\libhal_bsp.a(altera_avalon_jtag_uart_write.o)
 .debug_line    0x0000000000000a03       0xf9 ../Medidor_desempenho_bsp/\libhal_bsp.a(alt_alarm_start.o)
 .debug_line    0x0000000000000afc      0x15d ../Medidor_desempenho_bsp/\libhal_bsp.a(alt_close.o)
 .debug_line    0x0000000000000c59       0x51 ../Medidor_desempenho_bsp/\libhal_bsp.a(alt_dcache_flush_all.o)
 .debug_line    0x0000000000000caa       0xf0 ../Medidor_desempenho_bsp/\libhal_bsp.a(alt_dev.o)
 .debug_line    0x0000000000000d9a       0xcf ../Medidor_desempenho_bsp/\libhal_bsp.a(alt_dev_llist_insert.o)
 .debug_line    0x0000000000000e69       0x59 ../Medidor_desempenho_bsp/\libhal_bsp.a(alt_do_ctors.o)
 .debug_line    0x0000000000000ec2       0x59 ../Medidor_desempenho_bsp/\libhal_bsp.a(alt_do_dtors.o)
 .debug_line    0x0000000000000f1b       0x51 ../Medidor_desempenho_bsp/\libhal_bsp.a(alt_errno.o)
 .debug_line    0x0000000000000f6c       0x4f ../Medidor_desempenho_bsp/\libhal_bsp.a(alt_icache_flush_all.o)
 .debug_line    0x0000000000000fbb       0xeb ../Medidor_desempenho_bsp/\libhal_bsp.a(alt_iic.o)
 .debug_line    0x00000000000010a6       0xdb ../Medidor_desempenho_bsp/\libhal_bsp.a(alt_iic_isr_register.o)
 .debug_line    0x0000000000001181      0x12d ../Medidor_desempenho_bsp/\libhal_bsp.a(alt_io_redirect.o)
 .debug_line    0x00000000000012ae       0x6b ../Medidor_desempenho_bsp/\libhal_bsp.a(alt_irq_entry.o)
 .debug_line    0x0000000000001319       0xaa ../Medidor_desempenho_bsp/\libhal_bsp.a(alt_irq_handler.o)
 .debug_line    0x00000000000013c3       0x50 ../Medidor_desempenho_bsp/\libhal_bsp.a(alt_irq_vars.o)
 .debug_line    0x0000000000001413      0x12b ../Medidor_desempenho_bsp/\libhal_bsp.a(alt_open.o)
 .debug_line    0x000000000000153e       0xb0 ../Medidor_desempenho_bsp/\libhal_bsp.a(alt_release_fd.o)
 .debug_line    0x00000000000015ee       0xff ../Medidor_desempenho_bsp/\libhal_bsp.a(alt_tick.o)
 .debug_line    0x00000000000016ed       0x51 ../Medidor_desempenho_bsp/\libhal_bsp.a(altera_nios2_gen2_irq.o)
 .debug_line    0x000000000000173e       0xb3 ../Medidor_desempenho_bsp/\libhal_bsp.a(alt_exception_entry.o)
 .debug_line    0x00000000000017f1       0xb5 ../Medidor_desempenho_bsp/\libhal_bsp.a(alt_find_dev.o)
 .debug_line    0x00000000000018a6       0xd1 ../Medidor_desempenho_bsp/\libhal_bsp.a(alt_find_file.o)
 .debug_line    0x0000000000001977       0xd7 ../Medidor_desempenho_bsp/\libhal_bsp.a(alt_get_fd.o)
 .debug_line    0x0000000000001a4e       0xb9 ../Medidor_desempenho_bsp/\libhal_bsp.a(alt_instruction_exception_entry.o)
 .debug_line    0x0000000000001b07       0xe7 c:/users/ferna/nios2eds/bin/gnu/h-x86_64-mingw32/bin/../lib/gcc/nios2-elf/5.3.0/../../../../../H-x86_64-mingw32/nios2-elf/lib/mno-hw-mul\libc.a(lib_a-atexit.o)
 .debug_line    0x0000000000001bee      0x1fc c:/users/ferna/nios2eds/bin/gnu/h-x86_64-mingw32/bin/../lib/gcc/nios2-elf/5.3.0/../../../../../H-x86_64-mingw32/nios2-elf/lib/mno-hw-mul\libc.a(lib_a-exit.o)
 .debug_line    0x0000000000001dea      0x160 c:/users/ferna/nios2eds/bin/gnu/h-x86_64-mingw32/bin/../lib/gcc/nios2-elf/5.3.0/../../../../../H-x86_64-mingw32/nios2-elf/lib/mno-hw-mul\libc.a(lib_a-impure.o)
 .debug_line    0x0000000000001f4a       0x5f c:/users/ferna/nios2eds/bin/gnu/h-x86_64-mingw32/bin/../lib/gcc/nios2-elf/5.3.0/../../../../../H-x86_64-mingw32/nios2-elf/lib/mno-hw-mul\libc.a(lib_a-int_errno.o)
 .debug_line    0x0000000000001fa9      0x176 c:/users/ferna/nios2eds/bin/gnu/h-x86_64-mingw32/bin/../lib/gcc/nios2-elf/5.3.0/../../../../../H-x86_64-mingw32/nios2-elf/lib/mno-hw-mul\libc.a(lib_a-memcmp.o)
 .debug_line    0x000000000000211f      0x18c c:/users/ferna/nios2eds/bin/gnu/h-x86_64-mingw32/bin/../lib/gcc/nios2-elf/5.3.0/../../../../../H-x86_64-mingw32/nios2-elf/lib/mno-hw-mul\libc.a(lib_a-memcpy.o)
 .debug_line    0x00000000000022ab      0x16f c:/users/ferna/nios2eds/bin/gnu/h-x86_64-mingw32/bin/../lib/gcc/nios2-elf/5.3.0/../../../../../H-x86_64-mingw32/nios2-elf/lib/mno-hw-mul\libc.a(lib_a-strlen.o)
 .debug_line    0x000000000000241a      0x21f c:/users/ferna/nios2eds/bin/gnu/h-x86_64-mingw32/bin/../lib/gcc/nios2-elf/5.3.0/../../../../../H-x86_64-mingw32/nios2-elf/lib/mno-hw-mul\libc.a(lib_a-__atexit.o)
 .debug_line    0x0000000000002639      0x23a c:/users/ferna/nios2eds/bin/gnu/h-x86_64-mingw32/bin/../lib/gcc/nios2-elf/5.3.0/../../../../../H-x86_64-mingw32/nios2-elf/lib/mno-hw-mul\libc.a(lib_a-__call_atexit.o)
 .debug_line    0x0000000000002873       0x80 c:/users/ferna/nios2eds/bin/gnu/h-x86_64-mingw32/bin/../lib/gcc/nios2-elf/5.3.0/mno-hw-mul\libgcc.a(lib2-mul.o)
 .debug_line    0x00000000000028f3       0x71 ../Medidor_desempenho_bsp/\libhal_bsp.a(alt_exit.o)

.debug_frame    0x0000000000000000      0xaac
 *(.debug_frame)
 .debug_frame   0x0000000000000000       0x34 obj/default/main.o
 .debug_frame   0x0000000000000034       0x5c ../Medidor_desempenho_bsp/\libhal_bsp.a(alt_load.o)
 .debug_frame   0x0000000000000090       0x2c ../Medidor_desempenho_bsp/\libhal_bsp.a(alt_main.o)
 .debug_frame   0x00000000000000bc       0x88 ../Medidor_desempenho_bsp/\libhal_bsp.a(alt_sys_init.o)
 .debug_frame   0x0000000000000144       0xb0 ../Medidor_desempenho_bsp/\libhal_bsp.a(altera_avalon_jtag_uart_fd.o)
 .debug_frame   0x00000000000001f4       0xa4 ../Medidor_desempenho_bsp/\libhal_bsp.a(altera_avalon_jtag_uart_init.o)
 .debug_frame   0x0000000000000298       0x34 ../Medidor_desempenho_bsp/\libhal_bsp.a(altera_avalon_jtag_uart_ioctl.o)
 .debug_frame   0x00000000000002cc       0x38 ../Medidor_desempenho_bsp/\libhal_bsp.a(altera_avalon_jtag_uart_read.o)
 .debug_frame   0x0000000000000304       0x38 ../Medidor_desempenho_bsp/\libhal_bsp.a(altera_avalon_jtag_uart_write.o)
 .debug_frame   0x000000000000033c       0x34 ../Medidor_desempenho_bsp/\libhal_bsp.a(alt_alarm_start.o)
 .debug_frame   0x0000000000000370       0x60 ../Medidor_desempenho_bsp/\libhal_bsp.a(alt_close.o)
 .debug_frame   0x00000000000003d0       0x34 ../Medidor_desempenho_bsp/\libhal_bsp.a(alt_dcache_flush_all.o)
 .debug_frame   0x0000000000000404       0x34 ../Medidor_desempenho_bsp/\libhal_bsp.a(alt_dev.o)
 .debug_frame   0x0000000000000438       0x60 ../Medidor_desempenho_bsp/\libhal_bsp.a(alt_dev_llist_insert.o)
 .debug_frame   0x0000000000000498       0x38 ../Medidor_desempenho_bsp/\libhal_bsp.a(alt_do_ctors.o)
 .debug_frame   0x00000000000004d0       0x38 ../Medidor_desempenho_bsp/\libhal_bsp.a(alt_do_dtors.o)
 .debug_frame   0x0000000000000508       0x34 ../Medidor_desempenho_bsp/\libhal_bsp.a(alt_icache_flush_all.o)
 .debug_frame   0x000000000000053c       0xa4 ../Medidor_desempenho_bsp/\libhal_bsp.a(alt_iic.o)
 .debug_frame   0x00000000000005e0       0x38 ../Medidor_desempenho_bsp/\libhal_bsp.a(alt_iic_isr_register.o)
 .debug_frame   0x0000000000000618       0x64 ../Medidor_desempenho_bsp/\libhal_bsp.a(alt_io_redirect.o)
 .debug_frame   0x000000000000067c       0x38 ../Medidor_desempenho_bsp/\libhal_bsp.a(alt_irq_handler.o)
 .debug_frame   0x00000000000006b4       0x8c ../Medidor_desempenho_bsp/\libhal_bsp.a(alt_open.o)
 .debug_frame   0x0000000000000740       0x3c ../Medidor_desempenho_bsp/\libhal_bsp.a(alt_release_fd.o)
 .debug_frame   0x000000000000077c       0x5c ../Medidor_desempenho_bsp/\libhal_bsp.a(alt_tick.o)
 .debug_frame   0x00000000000007d8       0x34 ../Medidor_desempenho_bsp/\libhal_bsp.a(altera_nios2_gen2_irq.o)
 .debug_frame   0x000000000000080c       0x38 ../Medidor_desempenho_bsp/\libhal_bsp.a(alt_find_dev.o)
 .debug_frame   0x0000000000000844       0x38 ../Medidor_desempenho_bsp/\libhal_bsp.a(alt_find_file.o)
 .debug_frame   0x000000000000087c       0x3c ../Medidor_desempenho_bsp/\libhal_bsp.a(alt_get_fd.o)
 .debug_frame   0x00000000000008b8       0x5c ../Medidor_desempenho_bsp/\libhal_bsp.a(alt_instruction_exception_entry.o)
 .debug_frame   0x0000000000000914       0x20 c:/users/ferna/nios2eds/bin/gnu/h-x86_64-mingw32/bin/../lib/gcc/nios2-elf/5.3.0/../../../../../H-x86_64-mingw32/nios2-elf/lib/mno-hw-mul\libc.a(lib_a-atexit.o)
 .debug_frame   0x0000000000000934       0x28 c:/users/ferna/nios2eds/bin/gnu/h-x86_64-mingw32/bin/../lib/gcc/nios2-elf/5.3.0/../../../../../H-x86_64-mingw32/nios2-elf/lib/mno-hw-mul\libc.a(lib_a-exit.o)
 .debug_frame   0x000000000000095c       0x20 c:/users/ferna/nios2eds/bin/gnu/h-x86_64-mingw32/bin/../lib/gcc/nios2-elf/5.3.0/../../../../../H-x86_64-mingw32/nios2-elf/lib/mno-hw-mul\libc.a(lib_a-memcmp.o)
 .debug_frame   0x000000000000097c       0x38 c:/users/ferna/nios2eds/bin/gnu/h-x86_64-mingw32/bin/../lib/gcc/nios2-elf/5.3.0/../../../../../H-x86_64-mingw32/nios2-elf/lib/mno-hw-mul\libc.a(lib_a-memcpy.o)
 .debug_frame   0x00000000000009b4       0x20 c:/users/ferna/nios2eds/bin/gnu/h-x86_64-mingw32/bin/../lib/gcc/nios2-elf/5.3.0/../../../../../H-x86_64-mingw32/nios2-elf/lib/mno-hw-mul\libc.a(lib_a-strlen.o)
 .debug_frame   0x00000000000009d4       0x38 c:/users/ferna/nios2eds/bin/gnu/h-x86_64-mingw32/bin/../lib/gcc/nios2-elf/5.3.0/../../../../../H-x86_64-mingw32/nios2-elf/lib/mno-hw-mul\libc.a(lib_a-__atexit.o)
 .debug_frame   0x0000000000000a0c       0x54 c:/users/ferna/nios2eds/bin/gnu/h-x86_64-mingw32/bin/../lib/gcc/nios2-elf/5.3.0/../../../../../H-x86_64-mingw32/nios2-elf/lib/mno-hw-mul\libc.a(lib_a-__call_atexit.o)
 .debug_frame   0x0000000000000a60       0x20 c:/users/ferna/nios2eds/bin/gnu/h-x86_64-mingw32/bin/../lib/gcc/nios2-elf/5.3.0/mno-hw-mul\libgcc.a(lib2-mul.o)
 .debug_frame   0x0000000000000a80       0x2c ../Medidor_desempenho_bsp/\libhal_bsp.a(alt_exit.o)

.debug_str      0x0000000000000000     0x1b82
 *(.debug_str)
 .debug_str     0x0000000000000000       0xab obj/default/main.o
                                         0xb7 (size before relaxing)
 .debug_str     0x00000000000000ab      0x19d ../Medidor_desempenho_bsp/\libhal_bsp.a(alt_load.o)
                                        0x21f (size before relaxing)
 .debug_str     0x0000000000000248       0x70 ../Medidor_desempenho_bsp/\libhal_bsp.a(alt_main.o)
                                        0x1aa (size before relaxing)
 .debug_str     0x00000000000002b8      0x1a2 ../Medidor_desempenho_bsp/\libhal_bsp.a(alt_sys_init.o)
                                        0x365 (size before relaxing)
 .debug_str     0x000000000000045a       0xb9 ../Medidor_desempenho_bsp/\libhal_bsp.a(altera_avalon_jtag_uart_fd.o)
                                        0x3b1 (size before relaxing)
 .debug_str     0x0000000000000513       0xd1 ../Medidor_desempenho_bsp/\libhal_bsp.a(altera_avalon_jtag_uart_init.o)
                                        0x345 (size before relaxing)
 .debug_str     0x00000000000005e4       0x4a ../Medidor_desempenho_bsp/\libhal_bsp.a(altera_avalon_jtag_uart_ioctl.o)
                                        0x2a0 (size before relaxing)
 .debug_str     0x000000000000062e       0x7f ../Medidor_desempenho_bsp/\libhal_bsp.a(altera_avalon_jtag_uart_read.o)
                                        0x2f5 (size before relaxing)
 .debug_str     0x00000000000006ad       0x4a ../Medidor_desempenho_bsp/\libhal_bsp.a(altera_avalon_jtag_uart_write.o)
                                        0x2f6 (size before relaxing)
 .debug_str     0x00000000000006f7       0x59 ../Medidor_desempenho_bsp/\libhal_bsp.a(alt_alarm_start.o)
                                        0x28b (size before relaxing)
 .debug_str     0x0000000000000750       0x44 ../Medidor_desempenho_bsp/\libhal_bsp.a(alt_close.o)
                                        0x218 (size before relaxing)
 .debug_str     0x0000000000000794       0x34 ../Medidor_desempenho_bsp/\libhal_bsp.a(alt_dcache_flush_all.o)
                                        0x162 (size before relaxing)
 .debug_str     0x00000000000007c8      0x120 ../Medidor_desempenho_bsp/\libhal_bsp.a(alt_dev.o)
                                        0x312 (size before relaxing)
 .debug_str     0x00000000000008e8       0x34 ../Medidor_desempenho_bsp/\libhal_bsp.a(alt_dev_llist_insert.o)
                                        0x1d9 (size before relaxing)
 .debug_str     0x000000000000091c       0x48 ../Medidor_desempenho_bsp/\libhal_bsp.a(alt_do_ctors.o)
                                         0xdd (size before relaxing)
 .debug_str     0x0000000000000964       0x4c ../Medidor_desempenho_bsp/\libhal_bsp.a(alt_do_dtors.o)
                                         0xdc (size before relaxing)
 .debug_str     0x00000000000009b0       0x14 ../Medidor_desempenho_bsp/\libhal_bsp.a(alt_errno.o)
                                        0x152 (size before relaxing)
 .debug_str     0x00000000000009c4       0x34 ../Medidor_desempenho_bsp/\libhal_bsp.a(alt_icache_flush_all.o)
                                        0x162 (size before relaxing)
 .debug_str     0x00000000000009f8       0xc4 ../Medidor_desempenho_bsp/\libhal_bsp.a(alt_iic.o)
                                        0x24b (size before relaxing)
 .debug_str     0x0000000000000abc       0x4c ../Medidor_desempenho_bsp/\libhal_bsp.a(alt_iic_isr_register.o)
                                        0x1f5 (size before relaxing)
 .debug_str     0x0000000000000b08       0x56 ../Medidor_desempenho_bsp/\libhal_bsp.a(alt_io_redirect.o)
                                        0x323 (size before relaxing)
 .debug_str     0x0000000000000b5e       0x3a ../Medidor_desempenho_bsp/\libhal_bsp.a(alt_irq_handler.o)
                                        0x1a4 (size before relaxing)
 .debug_str     0x0000000000000b98       0x17 ../Medidor_desempenho_bsp/\libhal_bsp.a(alt_irq_vars.o)
                                        0x147 (size before relaxing)
 .debug_str     0x0000000000000baf       0x2f ../Medidor_desempenho_bsp/\libhal_bsp.a(alt_open.o)
                                        0x258 (size before relaxing)
 .debug_str     0x0000000000000bde       0x28 ../Medidor_desempenho_bsp/\libhal_bsp.a(alt_release_fd.o)
                                        0x1e0 (size before relaxing)
 .debug_str     0x0000000000000c06       0x4a ../Medidor_desempenho_bsp/\libhal_bsp.a(alt_tick.o)
                                        0x25f (size before relaxing)
 .debug_str     0x0000000000000c50       0x3b ../Medidor_desempenho_bsp/\libhal_bsp.a(altera_nios2_gen2_irq.o)
                                        0x169 (size before relaxing)
 .debug_str     0x0000000000000c8b       0x24 ../Medidor_desempenho_bsp/\libhal_bsp.a(alt_find_dev.o)
                                        0x1f9 (size before relaxing)
 .debug_str     0x0000000000000caf       0x26 ../Medidor_desempenho_bsp/\libhal_bsp.a(alt_find_file.o)
                                        0x207 (size before relaxing)
 .debug_str     0x0000000000000cd5       0x30 ../Medidor_desempenho_bsp/\libhal_bsp.a(alt_get_fd.o)
                                        0x229 (size before relaxing)
 .debug_str     0x0000000000000d05      0x48b ../Medidor_desempenho_bsp/\libhal_bsp.a(alt_instruction_exception_entry.o)
                                        0x5ad (size before relaxing)
 .debug_str     0x0000000000001190      0x17c c:/users/ferna/nios2eds/bin/gnu/h-x86_64-mingw32/bin/../lib/gcc/nios2-elf/5.3.0/../../../../../H-x86_64-mingw32/nios2-elf/lib/mno-hw-mul\libc.a(lib_a-atexit.o)
                                        0x221 (size before relaxing)
 .debug_str     0x000000000000130c      0x3b5 c:/users/ferna/nios2eds/bin/gnu/h-x86_64-mingw32/bin/../lib/gcc/nios2-elf/5.3.0/../../../../../H-x86_64-mingw32/nios2-elf/lib/mno-hw-mul\libc.a(lib_a-exit.o)
                                        0x5be (size before relaxing)
 .debug_str     0x00000000000016c1       0xd6 c:/users/ferna/nios2eds/bin/gnu/h-x86_64-mingw32/bin/../lib/gcc/nios2-elf/5.3.0/../../../../../H-x86_64-mingw32/nios2-elf/lib/mno-hw-mul\libc.a(lib_a-impure.o)
                                        0x5b5 (size before relaxing)
 .debug_str     0x0000000000001797       0x3f c:/users/ferna/nios2eds/bin/gnu/h-x86_64-mingw32/bin/../lib/gcc/nios2-elf/5.3.0/../../../../../H-x86_64-mingw32/nios2-elf/lib/mno-hw-mul\libc.a(lib_a-int_errno.o)
                                        0x1dd (size before relaxing)
 .debug_str     0x00000000000017d6       0xda c:/users/ferna/nios2eds/bin/gnu/h-x86_64-mingw32/bin/../lib/gcc/nios2-elf/5.3.0/../../../../../H-x86_64-mingw32/nios2-elf/lib/mno-hw-mul\libc.a(lib_a-memcmp.o)
                                        0x1e4 (size before relaxing)
 .debug_str     0x00000000000018b0       0x6b c:/users/ferna/nios2eds/bin/gnu/h-x86_64-mingw32/bin/../lib/gcc/nios2-elf/5.3.0/../../../../../H-x86_64-mingw32/nios2-elf/lib/mno-hw-mul\libc.a(lib_a-memcpy.o)
                                        0x20b (size before relaxing)
 .debug_str     0x000000000000191b       0x51 c:/users/ferna/nios2eds/bin/gnu/h-x86_64-mingw32/bin/../lib/gcc/nios2-elf/5.3.0/../../../../../H-x86_64-mingw32/nios2-elf/lib/mno-hw-mul\libc.a(lib_a-strlen.o)
                                        0x1f7 (size before relaxing)
 .debug_str     0x000000000000196c       0x3f c:/users/ferna/nios2eds/bin/gnu/h-x86_64-mingw32/bin/../lib/gcc/nios2-elf/5.3.0/../../../../../H-x86_64-mingw32/nios2-elf/lib/mno-hw-mul\libc.a(lib_a-__atexit.o)
                                        0x5f6 (size before relaxing)
 .debug_str     0x00000000000019ab       0x65 c:/users/ferna/nios2eds/bin/gnu/h-x86_64-mingw32/bin/../lib/gcc/nios2-elf/5.3.0/../../../../../H-x86_64-mingw32/nios2-elf/lib/mno-hw-mul\libc.a(lib_a-__call_atexit.o)
                                        0x5e2 (size before relaxing)
 .debug_str     0x0000000000001a10      0x148 c:/users/ferna/nios2eds/bin/gnu/h-x86_64-mingw32/bin/../lib/gcc/nios2-elf/5.3.0/mno-hw-mul\libgcc.a(lib2-mul.o)
                                        0x193 (size before relaxing)
 .debug_str     0x0000000000001b58       0x2a ../Medidor_desempenho_bsp/\libhal_bsp.a(alt_exit.o)
                                        0x15e (size before relaxing)

.debug_loc      0x0000000000000000      0x803
 *(.debug_loc)
 .debug_loc     0x0000000000000000       0x2c c:/users/ferna/nios2eds/bin/gnu/h-x86_64-mingw32/bin/../lib/gcc/nios2-elf/5.3.0/../../../../../H-x86_64-mingw32/nios2-elf/lib/mno-hw-mul\libc.a(lib_a-atexit.o)
 .debug_loc     0x000000000000002c       0x1e c:/users/ferna/nios2eds/bin/gnu/h-x86_64-mingw32/bin/../lib/gcc/nios2-elf/5.3.0/../../../../../H-x86_64-mingw32/nios2-elf/lib/mno-hw-mul\libc.a(lib_a-exit.o)
 .debug_loc     0x000000000000004a      0x126 c:/users/ferna/nios2eds/bin/gnu/h-x86_64-mingw32/bin/../lib/gcc/nios2-elf/5.3.0/../../../../../H-x86_64-mingw32/nios2-elf/lib/mno-hw-mul\libc.a(lib_a-memcmp.o)
 .debug_loc     0x0000000000000170      0x266 c:/users/ferna/nios2eds/bin/gnu/h-x86_64-mingw32/bin/../lib/gcc/nios2-elf/5.3.0/../../../../../H-x86_64-mingw32/nios2-elf/lib/mno-hw-mul\libc.a(lib_a-memcpy.o)
 .debug_loc     0x00000000000003d6       0x47 c:/users/ferna/nios2eds/bin/gnu/h-x86_64-mingw32/bin/../lib/gcc/nios2-elf/5.3.0/../../../../../H-x86_64-mingw32/nios2-elf/lib/mno-hw-mul\libc.a(lib_a-strlen.o)
 .debug_loc     0x000000000000041d      0x185 c:/users/ferna/nios2eds/bin/gnu/h-x86_64-mingw32/bin/../lib/gcc/nios2-elf/5.3.0/../../../../../H-x86_64-mingw32/nios2-elf/lib/mno-hw-mul\libc.a(lib_a-__atexit.o)
 .debug_loc     0x00000000000005a2      0x1ce c:/users/ferna/nios2eds/bin/gnu/h-x86_64-mingw32/bin/../lib/gcc/nios2-elf/5.3.0/../../../../../H-x86_64-mingw32/nios2-elf/lib/mno-hw-mul\libc.a(lib_a-__call_atexit.o)
 .debug_loc     0x0000000000000770       0x93 c:/users/ferna/nios2eds/bin/gnu/h-x86_64-mingw32/bin/../lib/gcc/nios2-elf/5.3.0/mno-hw-mul\libgcc.a(lib2-mul.o)

.debug_macinfo
 *(.debug_macinfo)

.debug_weaknames
 *(.debug_weaknames)

.debug_funcnames
 *(.debug_funcnames)

.debug_typenames
 *(.debug_typenames)

.debug_varnames
 *(.debug_varnames)

.debug_alt_sim_info
                0x0000000000000000       0x10
 *(.debug_alt_sim_info)
 .debug_alt_sim_info
                0x0000000000000000       0x10 ../Medidor_desempenho_bsp//obj/HAL/src/crt0.o
                0x0000000000018000                __alt_data_end = 0x18000
                0x0000000000018000                PROVIDE (__alt_stack_pointer, __alt_data_end)
                [!provide]                        PROVIDE (__alt_stack_limit, __alt_stack_base)
                [!provide]                        PROVIDE (__alt_heap_start, end)
                [!provide]                        PROVIDE (__alt_heap_limit, 0x18000)
OUTPUT(Medidor_desempenho.elf elf32-littlenios2)

.debug_ranges   0x0000000000000000      0x178
 .debug_ranges  0x0000000000000000       0x20 ../Medidor_desempenho_bsp//obj/HAL/src/crt0.o
 .debug_ranges  0x0000000000000020       0x30 ../Medidor_desempenho_bsp/\libhal_bsp.a(altera_avalon_jtag_uart_init.o)
 .debug_ranges  0x0000000000000050       0x18 ../Medidor_desempenho_bsp/\libhal_bsp.a(altera_avalon_jtag_uart_read.o)
 .debug_ranges  0x0000000000000068       0x28 ../Medidor_desempenho_bsp/\libhal_bsp.a(alt_irq_entry.o)
 .debug_ranges  0x0000000000000090       0x10 ../Medidor_desempenho_bsp/\libhal_bsp.a(alt_irq_handler.o)
 .debug_ranges  0x00000000000000a0       0x30 ../Medidor_desempenho_bsp/\libhal_bsp.a(alt_exception_entry.o)
 .debug_ranges  0x00000000000000d0       0x18 ../Medidor_desempenho_bsp/\libhal_bsp.a(alt_instruction_exception_entry.o)
 .debug_ranges  0x00000000000000e8       0x10 c:/users/ferna/nios2eds/bin/gnu/h-x86_64-mingw32/bin/../lib/gcc/nios2-elf/5.3.0/../../../../../H-x86_64-mingw32/nios2-elf/lib/mno-hw-mul\libc.a(lib_a-atexit.o)
 .debug_ranges  0x00000000000000f8       0x10 c:/users/ferna/nios2eds/bin/gnu/h-x86_64-mingw32/bin/../lib/gcc/nios2-elf/5.3.0/../../../../../H-x86_64-mingw32/nios2-elf/lib/mno-hw-mul\libc.a(lib_a-exit.o)
 .debug_ranges  0x0000000000000108       0x10 c:/users/ferna/nios2eds/bin/gnu/h-x86_64-mingw32/bin/../lib/gcc/nios2-elf/5.3.0/../../../../../H-x86_64-mingw32/nios2-elf/lib/mno-hw-mul\libc.a(lib_a-memcmp.o)
 .debug_ranges  0x0000000000000118       0x10 c:/users/ferna/nios2eds/bin/gnu/h-x86_64-mingw32/bin/../lib/gcc/nios2-elf/5.3.0/../../../../../H-x86_64-mingw32/nios2-elf/lib/mno-hw-mul\libc.a(lib_a-memcpy.o)
 .debug_ranges  0x0000000000000128       0x10 c:/users/ferna/nios2eds/bin/gnu/h-x86_64-mingw32/bin/../lib/gcc/nios2-elf/5.3.0/../../../../../H-x86_64-mingw32/nios2-elf/lib/mno-hw-mul\libc.a(lib_a-strlen.o)
 .debug_ranges  0x0000000000000138       0x10 c:/users/ferna/nios2eds/bin/gnu/h-x86_64-mingw32/bin/../lib/gcc/nios2-elf/5.3.0/../../../../../H-x86_64-mingw32/nios2-elf/lib/mno-hw-mul\libc.a(lib_a-__atexit.o)
 .debug_ranges  0x0000000000000148       0x30 c:/users/ferna/nios2eds/bin/gnu/h-x86_64-mingw32/bin/../lib/gcc/nios2-elf/5.3.0/../../../../../H-x86_64-mingw32/nios2-elf/lib/mno-hw-mul\libc.a(lib_a-__call_atexit.o)
